Archive member included to satisfy reference by file (symbol)

c:/st/stm32cubeide_1.12.1/stm32cubeide/plugins/com.st.stm32cube.ide.mcu.externaltools.gnu-tools-for-stm32.10.3-2021.10.win32_1.0.200.202301161003/tools/bin/../lib/gcc/arm-none-eabi/10.3.1/../../../../arm-none-eabi/lib/thumb/v7e-m+fp/hard\libc_nano.a(lib_a-errno.o)
                              ./Core/Src/syscalls.o (__errno)
c:/st/stm32cubeide_1.12.1/stm32cubeide/plugins/com.st.stm32cube.ide.mcu.externaltools.gnu-tools-for-stm32.10.3-2021.10.win32_1.0.200.202301161003/tools/bin/../lib/gcc/arm-none-eabi/10.3.1/../../../../arm-none-eabi/lib/thumb/v7e-m+fp/hard\libc_nano.a(lib_a-exit.o)
                              c:/st/stm32cubeide_1.12.1/stm32cubeide/plugins/com.st.stm32cube.ide.mcu.externaltools.gnu-tools-for-stm32.10.3-2021.10.win32_1.0.200.202301161003/tools/bin/../lib/gcc/arm-none-eabi/10.3.1/../../../../arm-none-eabi/lib/thumb/v7e-m+fp/hard/crt0.o (exit)
c:/st/stm32cubeide_1.12.1/stm32cubeide/plugins/com.st.stm32cube.ide.mcu.externaltools.gnu-tools-for-stm32.10.3-2021.10.win32_1.0.200.202301161003/tools/bin/../lib/gcc/arm-none-eabi/10.3.1/../../../../arm-none-eabi/lib/thumb/v7e-m+fp/hard\libc_nano.a(lib_a-findfp.o)
                              ./Middlewares/Third_Party/FreeRTOS/Source/tasks.o (__sf_fake_stderr)
c:/st/stm32cubeide_1.12.1/stm32cubeide/plugins/com.st.stm32cube.ide.mcu.externaltools.gnu-tools-for-stm32.10.3-2021.10.win32_1.0.200.202301161003/tools/bin/../lib/gcc/arm-none-eabi/10.3.1/../../../../arm-none-eabi/lib/thumb/v7e-m+fp/hard\libc_nano.a(lib_a-fwalk.o)
                              c:/st/stm32cubeide_1.12.1/stm32cubeide/plugins/com.st.stm32cube.ide.mcu.externaltools.gnu-tools-for-stm32.10.3-2021.10.win32_1.0.200.202301161003/tools/bin/../lib/gcc/arm-none-eabi/10.3.1/../../../../arm-none-eabi/lib/thumb/v7e-m+fp/hard\libc_nano.a(lib_a-findfp.o) (_fwalk)
c:/st/stm32cubeide_1.12.1/stm32cubeide/plugins/com.st.stm32cube.ide.mcu.externaltools.gnu-tools-for-stm32.10.3-2021.10.win32_1.0.200.202301161003/tools/bin/../lib/gcc/arm-none-eabi/10.3.1/../../../../arm-none-eabi/lib/thumb/v7e-m+fp/hard\libc_nano.a(lib_a-impure.o)
                              c:/st/stm32cubeide_1.12.1/stm32cubeide/plugins/com.st.stm32cube.ide.mcu.externaltools.gnu-tools-for-stm32.10.3-2021.10.win32_1.0.200.202301161003/tools/bin/../lib/gcc/arm-none-eabi/10.3.1/../../../../arm-none-eabi/lib/thumb/v7e-m+fp/hard\libc_nano.a(lib_a-exit.o) (_global_impure_ptr)
c:/st/stm32cubeide_1.12.1/stm32cubeide/plugins/com.st.stm32cube.ide.mcu.externaltools.gnu-tools-for-stm32.10.3-2021.10.win32_1.0.200.202301161003/tools/bin/../lib/gcc/arm-none-eabi/10.3.1/../../../../arm-none-eabi/lib/thumb/v7e-m+fp/hard\libc_nano.a(lib_a-init.o)
                              c:/st/stm32cubeide_1.12.1/stm32cubeide/plugins/com.st.stm32cube.ide.mcu.externaltools.gnu-tools-for-stm32.10.3-2021.10.win32_1.0.200.202301161003/tools/bin/../lib/gcc/arm-none-eabi/10.3.1/../../../../arm-none-eabi/lib/thumb/v7e-m+fp/hard/crt0.o (__libc_init_array)
c:/st/stm32cubeide_1.12.1/stm32cubeide/plugins/com.st.stm32cube.ide.mcu.externaltools.gnu-tools-for-stm32.10.3-2021.10.win32_1.0.200.202301161003/tools/bin/../lib/gcc/arm-none-eabi/10.3.1/../../../../arm-none-eabi/lib/thumb/v7e-m+fp/hard\libc_nano.a(lib_a-lock.o)
                              c:/st/stm32cubeide_1.12.1/stm32cubeide/plugins/com.st.stm32cube.ide.mcu.externaltools.gnu-tools-for-stm32.10.3-2021.10.win32_1.0.200.202301161003/tools/bin/../lib/gcc/arm-none-eabi/10.3.1/../../../../arm-none-eabi/lib/thumb/v7e-m+fp/hard\libc_nano.a(lib_a-findfp.o) (__retarget_lock_init_recursive)
c:/st/stm32cubeide_1.12.1/stm32cubeide/plugins/com.st.stm32cube.ide.mcu.externaltools.gnu-tools-for-stm32.10.3-2021.10.win32_1.0.200.202301161003/tools/bin/../lib/gcc/arm-none-eabi/10.3.1/../../../../arm-none-eabi/lib/thumb/v7e-m+fp/hard\libc_nano.a(lib_a-memcpy-stub.o)
                              ./Middlewares/Third_Party/FreeRTOS/Source/queue.o (memcpy)
c:/st/stm32cubeide_1.12.1/stm32cubeide/plugins/com.st.stm32cube.ide.mcu.externaltools.gnu-tools-for-stm32.10.3-2021.10.win32_1.0.200.202301161003/tools/bin/../lib/gcc/arm-none-eabi/10.3.1/../../../../arm-none-eabi/lib/thumb/v7e-m+fp/hard\libc_nano.a(lib_a-memset.o)
                              c:/st/stm32cubeide_1.12.1/stm32cubeide/plugins/com.st.stm32cube.ide.mcu.externaltools.gnu-tools-for-stm32.10.3-2021.10.win32_1.0.200.202301161003/tools/bin/../lib/gcc/arm-none-eabi/10.3.1/../../../../arm-none-eabi/lib/thumb/v7e-m+fp/hard/crt0.o (memset)
c:/st/stm32cubeide_1.12.1/stm32cubeide/plugins/com.st.stm32cube.ide.mcu.externaltools.gnu-tools-for-stm32.10.3-2021.10.win32_1.0.200.202301161003/tools/bin/../lib/gcc/arm-none-eabi/10.3.1/../../../../arm-none-eabi/lib/thumb/v7e-m+fp/hard\libc_nano.a(lib_a-nano-mallocr.o)
[...]
Memory Configuration

Name             Origin             Length             Attributes
CCMRAM           0x0000000010000000 0x0000000000010000 xrw
RAM              0x0000000020000000 0x0000000000030000 xrw
FLASH            0x0000000008000000 0x0000000000200000 xr
*default*        0x0000000000000000 0xffffffffffffffff

Linker script and memory map

LOAD c:/st/stm32cubeide_1.12.1/stm32cubeide/plugins/com.st.stm32cube.ide.mcu.externaltools.gnu-tools-for-stm32.10.3-2021.10.win32_1.0.200.202301161003/tools/bin/../lib/gcc/arm-none-eabi/10.3.1/thumb/v7e-m+fp/hard/crti.o
LOAD c:/st/stm32cubeide_1.12.1/stm32cubeide/plugins/com.st.stm32cube.ide.mcu.externaltools.gnu-tools-for-stm32.10.3-2021.10.win32_1.0.200.202301161003/tools/bin/../lib/gcc/arm-none-eabi/10.3.1/thumb/v7e-m+fp/hard/crtbegin.o
LOAD c:/st/stm32cubeide_1.12.1/stm32cubeide/plugins/com.st.stm32cube.ide.mcu.externaltools.gnu-tools-for-stm32.10.3-2021.10.win32_1.0.200.202301161003/tools/bin/../lib/gcc/arm-none-eabi/10.3.1/../../../../arm-none-eabi/lib/thumb/v7e-m+fp/hard/crt0.o
LOAD ./Core/Src/adc.o
LOAD ./Core/Src/can.o
LOAD ./Core/Src/freertos.o
LOAD ./Core/Src/gpio.o
LOAD ./Core/Src/i2c.o
LOAD ./Core/Src/l3gd20.o
LOAD ./Core/Src/main.o
LOAD ./Core/Src/spi.o
LOAD ./Core/Src/stm32f4xx_hal_msp.o
LOAD ./Core/Src/stm32f4xx_hal_timebase_tim.o
LOAD ./Core/Src/stm32f4xx_it.o
LOAD ./Core/Src/stmpe811.o
LOAD ./Core/Src/syscalls.o
LOAD ./Core/Src/sysmem.o
LOAD ./Core/Src/system_stm32f4xx.o
LOAD ./Core/Src/tim.o
LOAD ./Core/Src/timer_pwm.o
LOAD ./Core/Src/usart.o
LOAD ./Core/Startup/startup_stm32f429zitx.o
LOAD ./Drivers/STM32F4xx_HAL_Driver/Src/stm32f4xx_hal.o
LOAD ./Drivers/STM32F4xx_HAL_Driver/Src/stm32f4xx_hal_adc.o
LOAD ./Drivers/STM32F4xx_HAL_Driver/Src/stm32f4xx_hal_adc_ex.o
LOAD ./Drivers/STM32F4xx_HAL_Driver/Src/stm32f4xx_hal_can.o
LOAD ./Drivers/STM32F4xx_HAL_Driver/Src/stm32f4xx_hal_cortex.o
LOAD ./Drivers/STM32F4xx_HAL_Driver/Src/stm32f4xx_hal_dma.o
LOAD ./Drivers/STM32F4xx_HAL_Driver/Src/stm32f4xx_hal_dma_ex.o
LOAD ./Drivers/STM32F4xx_HAL_Driver/Src/stm32f4xx_hal_exti.o
LOAD ./Drivers/STM32F4xx_HAL_Driver/Src/stm32f4xx_hal_flash.o
LOAD ./Drivers/STM32F4xx_HAL_Driver/Src/stm32f4xx_hal_flash_ex.o
LOAD ./Drivers/STM32F4xx_HAL_Driver/Src/stm32f4xx_hal_flash_ramfunc.o
LOAD ./Drivers/STM32F4xx_HAL_Driver/Src/stm32f4xx_hal_gpio.o
LOAD ./Drivers/STM32F4xx_HAL_Driver/Src/stm32f4xx_hal_i2c.o
LOAD ./Drivers/STM32F4xx_HAL_Driver/Src/stm32f4xx_hal_i2c_ex.o
LOAD ./Drivers/STM32F4xx_HAL_Driver/Src/stm32f4xx_hal_pcd.o
LOAD ./Drivers/STM32F4xx_HAL_Driver/Src/stm32f4xx_hal_pcd_ex.o
LOAD ./Drivers/STM32F4xx_HAL_Driver/Src/stm32f4xx_hal_pwr.o
LOAD ./Drivers/STM32F4xx_HAL_Driver/Src/stm32f4xx_hal_pwr_ex.o
LOAD ./Drivers/STM32F4xx_HAL_Driver/Src/stm32f4xx_hal_rcc.o
LOAD ./Drivers/STM32F4xx_HAL_Driver/Src/stm32f4xx_hal_rcc_ex.o
LOAD ./Drivers/STM32F4xx_HAL_Driver/Src/stm32f4xx_hal_spi.o
LOAD ./Drivers/STM32F4xx_HAL_Driver/Src/stm32f4xx_hal_tim.o
LOAD ./Drivers/STM32F4xx_HAL_Driver/Src/stm32f4xx_hal_tim_ex.o
LOAD ./Drivers/STM32F4xx_HAL_Driver/Src/stm32f4xx_hal_uart.o
LOAD ./Drivers/STM32F4xx_HAL_Driver/Src/stm32f4xx_ll_adc.o
LOAD ./Drivers/STM32F4xx_HAL_Driver/Src/stm32f4xx_ll_usb.o
LOAD ./Middlewares/ST/STM32_USB_Device_Library/Class/CDC/Src/usbd_cdc.o
LOAD ./Middlewares/ST/STM32_USB_Device_Library/Core/Src/usbd_core.o
LOAD ./Middlewares/ST/STM32_USB_Device_Library/Core/Src/usbd_ctlreq.o
LOAD ./Middlewares/ST/STM32_USB_Device_Library/Core/Src/usbd_ioreq.o
LOAD ./Middlewares/Third_Party/FreeRTOS/Source/CMSIS_RTOS/cmsis_os.o
LOAD ./Middlewares/Third_Party/FreeRTOS/Source/croutine.o
LOAD ./Middlewares/Third_Party/FreeRTOS/Source/event_groups.o
LOAD ./Middlewares/Third_Party/FreeRTOS/Source/list.o
LOAD ./Middlewares/Third_Party/FreeRTOS/Source/queue.o
LOAD ./Middlewares/Third_Party/FreeRTOS/Source/stream_buffer.o
LOAD ./Middlewares/Third_Party/FreeRTOS/Source/tasks.o
LOAD ./Middlewares/Third_Party/FreeRTOS/Source/timers.o
LOAD ./Middlewares/Third_Party/FreeRTOS/Source/portable/GCC/ARM_CM4F/port.o
LOAD ./Middlewares/Third_Party/FreeRTOS/Source/portable/MemMang/heap_4.o
LOAD ./USB_DEVICE/App/usb_device.o
LOAD ./USB_DEVICE/App/usbd_cdc_if.o
LOAD ./USB_DEVICE/App/usbd_desc.o
LOAD ./USB_DEVICE/Target/usbd_conf.o
START GROUP
LOAD c:/st/stm32cubeide_1.12.1/stm32cubeide/plugins/com.st.stm32cube.ide.mcu.externaltools.gnu-tools-for-stm32.10.3-2021.10.win32_1.0.200.202301161003/tools/bin/../lib/gcc/arm-none-eabi/10.3.1/../../../../arm-none-eabi/lib/thumb/v7e-m+fp/hard\libc_nano.a
LOAD c:/st/stm32cubeide_1.12.1/stm32cubeide/plugins/com.st.stm32cube.ide.mcu.externaltools.gnu-tools-for-stm32.10.3-2021.10.win32_1.0.200.202301161003/tools/bin/../lib/gcc/arm-none-eabi/10.3.1/../../../../arm-none-eabi/lib/thumb/v7e-m+fp/hard\libm.a
END GROUP
START GROUP
LOAD c:/st/stm32cubeide_1.12.1/stm32cubeide/plugins/com.st.stm32cube.ide.mcu.externaltools.gnu-tools-for-stm32.10.3-2021.10.win32_1.0.200.202301161003/tools/bin/../lib/gcc/arm-none-eabi/10.3.1/thumb/v7e-m+fp/hard\libgcc.a
LOAD c:/st/stm32cubeide_1.12.1/stm32cubeide/plugins/com.st.stm32cube.ide.mcu.externaltools.gnu-tools-for-stm32.10.3-2021.10.win32_1.0.200.202301161003/tools/bin/../lib/gcc/arm-none-eabi/10.3.1/../../../../arm-none-eabi/lib/thumb/v7e-m+fp/hard\libc_nano.a
END GROUP
START GROUP
LOAD c:/st/stm32cubeide_1.12.1/stm32cubeide/plugins/com.st.stm32cube.ide.mcu.externaltools.gnu-tools-for-stm32.10.3-2021.10.win32_1.0.200.202301161003/tools/bin/../lib/gcc/arm-none-eabi/10.3.1/thumb/v7e-m+fp/hard\libgcc.a
LOAD c:/st/stm32cubeide_1.12.1/stm32cubeide/plugins/com.st.stm32cube.ide.mcu.externaltools.gnu-tools-for-stm32.10.3-2021.10.win32_1.0.200.202301161003/tools/bin/../lib/gcc/arm-none-eabi/10.3.1/../../../../arm-none-eabi/lib/thumb/v7e-m+fp/hard\libc_nano.a
LOAD c:/st/stm32cubeide_1.12.1/stm32cubeide/plugins/com.st.stm32cube.ide.mcu.externaltools.gnu-tools-for-stm32.10.3-2021.10.win32_1.0.200.202301161003/tools/bin/../lib/gcc/arm-none-eabi/10.3.1/../../../../arm-none-eabi/lib/thumb/v7e-m+fp/hard\libnosys.a
END GROUP
START GROUP
LOAD c:/st/stm32cubeide_1.12.1/stm32cubeide/plugins/com.st.stm32cube.ide.mcu.externaltools.gnu-tools-for-stm32.10.3-2021.10.win32_1.0.200.202301161003/tools/bin/../lib/gcc/arm-none-eabi/10.3.1/thumb/v7e-m+fp/hard\libgcc.a
LOAD c:/st/stm32cubeide_1.12.1/stm32cubeide/plugins/com.st.stm32cube.ide.mcu.externaltools.gnu-tools-for-stm32.10.3-2021.10.win32_1.0.200.202301161003/tools/bin/../lib/gcc/arm-none-eabi/10.3.1/../../../../arm-none-eabi/lib/thumb/v7e-m+fp/hard\libc_nano.a
LOAD c:/st/stm32cubeide_1.12.1/stm32cubeide/plugins/com.st.stm32cube.ide.mcu.externaltools.gnu-tools-for-stm32.10.3-2021.10.win32_1.0.200.202301161003/tools/bin/../lib/gcc/arm-none-eabi/10.3.1/../../../../arm-none-eabi/lib/thumb/v7e-m+fp/hard\libnosys.a
END GROUP
LOAD c:/st/stm32cubeide_1.12.1/stm32cubeide/plugins/com.st.stm32cube.ide.mcu.externaltools.gnu-tools-for-stm32.10.3-2021.10.win32_1.0.200.202301161003/tools/bin/../lib/gcc/arm-none-eabi/10.3.1/thumb/v7e-m+fp/hard/crtend.o
LOAD c:/st/stm32cubeide_1.12.1/stm32cubeide/plugins/com.st.stm32cube.ide.mcu.externaltools.gnu-tools-for-stm32.10.3-2021.10.win32_1.0.200.202301161003/tools/bin/../lib/gcc/arm-none-eabi/10.3.1/thumb/v7e-m+fp/hard/crtn.o
                0x0000000020030000                _estack = (ORIGIN (RAM) + LENGTH (RAM))
                0x0000000000000200                _Min_Heap_Size = 0x200
                0x0000000000000400                _Min_Stack_Size = 0x400

.isr_vector     0x0000000008000000      0x1ac
                0x0000000008000000                . = ALIGN (0x4)
 *(.isr_vector)
 .isr_vector    0x0000000008000000      0x1ac ./Core/Startup/startup_stm32f429zitx.o
                0x0000000008000000                g_pfnVectors
                0x00000000080001ac                . = ALIGN (0x4)

.text           0x00000000080001b0     0xfb84
                0x00000000080001b0                . = ALIGN (0x4)
 *(.text)
 .text          0x00000000080001b0       0x40 c:/st/stm32cubeide_1.12.1/stm32cubeide/plugins/com.st.stm32cube.ide.mcu.externaltools.gnu-tools-for-stm32.10.3-2021.10.win32_1.0.200.202301161003/tools/bin/../lib/gcc/arm-none-eabi/10.3.1/thumb/v7e-m+fp/hard/crtbegin.o
 .text          0x00000000080001f0       0x10 c:/st/stm32cubeide_1.12.1/stm32cubeide/plugins/com.st.stm32cube.ide.mcu.externaltools.gnu-tools-for-stm32.10.3-2021.10.win32_1.0.200.202301161003/tools/bin/../lib/gcc/arm-none-eabi/10.3.1/../../../../arm-none-eabi/lib/thumb/v7e-m+fp/hard\libc_nano.a(lib_a-strlen.o)
                0x00000000080001f0                strlen
 .text          0x0000000008000200       0xa0 c:/st/stm32cubeide_1.12.1/stm32cubeide/plugins/com.st.stm32cube.ide.mcu.externaltools.gnu-tools-for-stm32.10.3-2021.10.win32_1.0.200.202301161003/tools/bin/../lib/gcc/arm-none-eabi/10.3.1/../../../../arm-none-eabi/lib/thumb/v7e-m+fp/hard\libc_nano.a(lib_a-memchr.o)
                0x0000000008000200                memchr
 .text          0x00000000080002a0       0x30 c:/st/stm32cubeide_1.12.1/stm32cubeide/plugins/com.st.stm32cube.ide.mcu.externaltools.gnu-tools-for-stm32.10.3-2021.10.win32_1.0.200.202301161003/tools/bin/../lib/gcc/arm-none-eabi/10.3.1/thumb/v7e-m+fp/hard\libgcc.a(_aeabi_uldivmod.o)
                0x00000000080002a0                __aeabi_uldivmod
 .text          0x00000000080002d0      0x2d0 c:/st/stm32cubeide_1.12.1/stm32cubeide/plugins/com.st.stm32cube.ide.mcu.externaltools.gnu-tools-for-stm32.10.3-2021.10.win32_1.0.200.202301161003/tools/bin/../lib/gcc/arm-none-eabi/10.3.1/thumb/v7e-m+fp/hard\libgcc.a(_udivmoddi4.o)
                0x00000000080002d0                __udivmoddi4
 .text          0x00000000080005a0        0x4 c:/st/stm32cubeide_1.12.1/stm32cubeide/plugins/com.st.stm32cube.ide.mcu.externaltools.gnu-tools-for-stm32.10.3-2021.10.win32_1.0.200.202301161003/tools/bin/../lib/gcc/arm-none-eabi/10.3.1/thumb/v7e-m+fp/hard\libgcc.a(_dvmd_tls.o)
                0x00000000080005a0                __aeabi_idiv0
                0x00000000080005a0                __aeabi_ldiv0
 *(.text*)
 .text.MX_ADC1_Init
                0x00000000080005a4       0xa4 ./Core/Src/adc.o
                0x00000000080005a4                MX_ADC1_Init
 .text.HAL_ADC_MspInit
                0x0000000008000648       0x88 ./Core/Src/adc.o
                0x0000000008000648                HAL_ADC_MspInit
 .text.ADC_Test
                0x00000000080006d0       0x70 ./Core/Src/adc.o
                0x00000000080006d0                ADC_Test
 .text.MX_CAN1_Init
                0x0000000008000740       0xb8 ./Core/Src/can.o
                0x0000000008000740                MX_CAN1_Init
 .text.MX_CAN2_Init
                0x00000000080007f8       0x6c ./Core/Src/can.o
                0x00000000080007f8                MX_CAN2_Init
 .text.HAL_CAN_MspInit
                0x0000000008000864      0x170 ./Core/Src/can.o
                0x0000000008000864                HAL_CAN_MspInit
 .text.can_test
                0x00000000080009d4       0xf4 ./Core/Src/can.o
                0x00000000080009d4                can_test
 .text.vApplicationGetIdleTaskMemory
                0x0000000008000ac8       0x34 ./Core/Src/freertos.o
                0x0000000008000ac8                vApplicationGetIdleTaskMemory
 .text.MX_FREERTOS_Init
                0x0000000008000afc      0x114 ./Core/Src/freertos.o
                0x0000000008000afc                MX_FREERTOS_Init
 .text.StartDefaultTask
                0x0000000008000c10       0x1e ./Core/Src/freertos.o
                0x0000000008000c10                StartDefaultTask
 .text.StartTask02
                0x0000000008000c2e       0x16 ./Core/Src/freertos.o
                0x0000000008000c2e                StartTask02
 .text.StartTask03
                0x0000000008000c44       0x14 ./Core/Src/freertos.o
                0x0000000008000c44                StartTask03
 .text.SemaphoreTask
                0x0000000008000c58       0x16 ./Core/Src/freertos.o
                0x0000000008000c58                SemaphoreTask
 *fill*         0x0000000008000c6e        0x2 
 .text.SemaTask
                0x0000000008000c70       0x68 ./Core/Src/freertos.o
                0x0000000008000c70                SemaTask
 .text.MX_GPIO_Init
                0x0000000008000cd8      0x1b8 ./Core/Src/gpio.o
                0x0000000008000cd8                MX_GPIO_Init
 .text.MX_I2C3_Init
                0x0000000008000e90       0x80 ./Core/Src/i2c.o
                0x0000000008000e90                MX_I2C3_Init
 .text.HAL_I2C_MspInit
                0x0000000008000f10       0xd4 ./Core/Src/i2c.o
                0x0000000008000f10                HAL_I2C_MspInit
 .text.l3gd20Init
                0x0000000008000fe4       0x3c ./Core/Src/l3gd20.o
                0x0000000008000fe4                l3gd20Init
 .text.l3gd20_Start
                0x0000000008001020      0x18c ./Core/Src/l3gd20.o
                0x0000000008001020                l3gd20_Start
 .text.main     0x00000000080011ac       0x46 ./Core/Src/main.o
                0x00000000080011ac                main
 *fill*         0x00000000080011f2        0x2 
 .text.SystemClock_Config
                0x00000000080011f4       0xd4 ./Core/Src/main.o
                0x00000000080011f4                SystemClock_Config
 .text.HAL_GPIO_EXTI_Callback
                0x00000000080012c8       0x28 ./Core/Src/main.o
                0x00000000080012c8                HAL_GPIO_EXTI_Callback
 .text.HAL_CAN_RxFifo0MsgPendingCallback
                0x00000000080012f0       0x20 ./Core/Src/main.o
                0x00000000080012f0                HAL_CAN_RxFifo0MsgPendingCallback
 .text.HAL_TIM_PeriodElapsedCallback
                0x0000000008001310       0x9c ./Core/Src/main.o
                0x0000000008001310                HAL_TIM_PeriodElapsedCallback
 .text.Error_Handler
                0x00000000080013ac        0xa ./Core/Src/main.o
                0x00000000080013ac                Error_Handler
 *fill*         0x00000000080013b6        0x2 
 .text.MX_SPI5_Init
                0x00000000080013b8       0x6c ./Core/Src/spi.o
                0x00000000080013b8                MX_SPI5_Init
 .text.HAL_SPI_MspInit
                0x0000000008001424       0xa0 ./Core/Src/spi.o
                0x0000000008001424                HAL_SPI_MspInit
 .text.HAL_MspInit
                0x00000000080014c4       0x58 ./Core/Src/stm32f4xx_hal_msp.o
                0x00000000080014c4                HAL_MspInit
 .text.HAL_InitTick
                0x000000000800151c       0xf8 ./Core/Src/stm32f4xx_hal_timebase_tim.o
                0x000000000800151c                HAL_InitTick
 .text.NMI_Handler
                0x0000000008001614        0x6 ./Core/Src/stm32f4xx_it.o
                0x0000000008001614                NMI_Handler
 .text.HardFault_Handler
                0x000000000800161a        0x6 ./Core/Src/stm32f4xx_it.o
                0x000000000800161a                HardFault_Handler
 .text.MemManage_Handler
                0x0000000008001620        0x6 ./Core/Src/stm32f4xx_it.o
                0x0000000008001620                MemManage_Handler
 .text.BusFault_Handler
                0x0000000008001626        0x6 ./Core/Src/stm32f4xx_it.o
                0x0000000008001626                BusFault_Handler
 .text.UsageFault_Handler
                0x000000000800162c        0x6 ./Core/Src/stm32f4xx_it.o
                0x000000000800162c                UsageFault_Handler
 .text.DebugMon_Handler
                0x0000000008001632        0xe ./Core/Src/stm32f4xx_it.o
                0x0000000008001632                DebugMon_Handler
 .text.EXTI0_IRQHandler
                0x0000000008001640        0xe ./Core/Src/stm32f4xx_it.o
                0x0000000008001640                EXTI0_IRQHandler
 *fill*         0x000000000800164e        0x2 
 .text.CAN1_RX0_IRQHandler
                0x0000000008001650       0x14 ./Core/Src/stm32f4xx_it.o
                0x0000000008001650                CAN1_RX0_IRQHandler
 .text.TIM1_UP_TIM10_IRQHandler
                0x0000000008001664       0x1c ./Core/Src/stm32f4xx_it.o
                0x0000000008001664                TIM1_UP_TIM10_IRQHandler
 .text.TIM6_DAC_IRQHandler
                0x0000000008001680       0x14 ./Core/Src/stm32f4xx_it.o
                0x0000000008001680                TIM6_DAC_IRQHandler
 .text.CAN2_RX0_IRQHandler
                0x0000000008001694       0x14 ./Core/Src/stm32f4xx_it.o
                0x0000000008001694                CAN2_RX0_IRQHandler
 .text.CAN2_RX1_IRQHandler
                0x00000000080016a8       0x14 ./Core/Src/stm32f4xx_it.o
                0x00000000080016a8                CAN2_RX1_IRQHandler
 .text.OTG_HS_IRQHandler
                0x00000000080016bc       0x14 ./Core/Src/stm32f4xx_it.o
                0x00000000080016bc                OTG_HS_IRQHandler
 .text.SPI5_IRQHandler
                0x00000000080016d0       0x14 ./Core/Src/stm32f4xx_it.o
                0x00000000080016d0                SPI5_IRQHandler
 .text.stmpe811_init
                0x00000000080016e4       0x84 ./Core/Src/stmpe811.o
                0x00000000080016e4                stmpe811_init
 .text.stmpe811_read
                0x0000000008001768       0xfc ./Core/Src/stmpe811.o
                0x0000000008001768                stmpe811_read
 .text.stmpe811_Test
                0x0000000008001864       0x60 ./Core/Src/stmpe811.o
                0x0000000008001864                stmpe811_Test
 .text.stmpe811_write
                0x00000000080018c4       0xac ./Core/Src/stmpe811.o
                0x00000000080018c4                stmpe811_write
 .text._sbrk    0x0000000008001970       0x6c ./Core/Src/sysmem.o
                0x0000000008001970                _sbrk
 .text.SystemInit
                0x00000000080019dc       0x24 ./Core/Src/system_stm32f4xx.o
                0x00000000080019dc                SystemInit
 .text.MX_TIM1_Init
                0x0000000008001a00      0x108 ./Core/Src/tim.o
                0x0000000008001a00                MX_TIM1_Init
 .text.MX_TIM7_Init
                0x0000000008001b08       0x6c ./Core/Src/tim.o
                0x0000000008001b08                MX_TIM7_Init
 .text.MX_TIM10_Init
                0x0000000008001b74       0x9c ./Core/Src/tim.o
                0x0000000008001b74                MX_TIM10_Init
 .text.HAL_TIM_PWM_MspInit
                0x0000000008001c10       0x50 ./Core/Src/tim.o
                0x0000000008001c10                HAL_TIM_PWM_MspInit
 .text.HAL_TIM_Base_MspInit
                0x0000000008001c60       0x7c ./Core/Src/tim.o
                0x0000000008001c60                HAL_TIM_Base_MspInit
 .text.HAL_TIM_MspPostInit
                0x0000000008001cdc       0xc4 ./Core/Src/tim.o
                0x0000000008001cdc                HAL_TIM_MspPostInit
 .text.pwm_duty_control
                0x0000000008001da0       0xb8 ./Core/Src/timer_pwm.o
                0x0000000008001da0                pwm_duty_control
 .text.MX_USART1_UART_Init
                0x0000000008001e58       0x54 ./Core/Src/usart.o
                0x0000000008001e58                MX_USART1_UART_Init
 .text.HAL_UART_MspInit
                0x0000000008001eac       0x90 ./Core/Src/usart.o
                0x0000000008001eac                HAL_UART_MspInit
 .text.Reset_Handler
                0x0000000008001f3c       0x50 ./Core/Startup/startup_stm32f429zitx.o
                0x0000000008001f3c                Reset_Handler
 .text.Default_Handler
                0x0000000008001f8c        0x2 ./Core/Startup/startup_stm32f429zitx.o
                0x0000000008001f8c                RTC_Alarm_IRQHandler
                0x0000000008001f8c                HASH_RNG_IRQHandler
                0x0000000008001f8c                EXTI2_IRQHandler
                0x0000000008001f8c                TIM8_CC_IRQHandler
                0x0000000008001f8c                UART8_IRQHandler
                0x0000000008001f8c                SPI4_IRQHandler
                0x0000000008001f8c                TIM1_CC_IRQHandler
                0x0000000008001f8c                DMA2_Stream5_IRQHandler
                0x0000000008001f8c                DMA1_Stream5_IRQHandler
                0x0000000008001f8c                PVD_IRQHandler
                0x0000000008001f8c                SDIO_IRQHandler
                0x0000000008001f8c                TAMP_STAMP_IRQHandler
                0x0000000008001f8c                EXTI3_IRQHandler
                0x0000000008001f8c                TIM8_TRG_COM_TIM14_IRQHandler
                0x0000000008001f8c                TIM8_UP_TIM13_IRQHandler
                0x0000000008001f8c                I2C3_ER_IRQHandler
                0x0000000008001f8c                I2C2_EV_IRQHandler
                0x0000000008001f8c                DMA1_Stream2_IRQHandler
                0x0000000008001f8c                FPU_IRQHandler
                0x0000000008001f8c                OTG_HS_WKUP_IRQHandler
                0x0000000008001f8c                LTDC_ER_IRQHandler
                0x0000000008001f8c                CAN2_SCE_IRQHandler
                0x0000000008001f8c                DMA2_Stream2_IRQHandler
                0x0000000008001f8c                SPI1_IRQHandler
                0x0000000008001f8c                TIM1_BRK_TIM9_IRQHandler
                0x0000000008001f8c                DCMI_IRQHandler
                0x0000000008001f8c                DMA2_Stream3_IRQHandler
                0x0000000008001f8c                USART6_IRQHandler
                0x0000000008001f8c                USART3_IRQHandler
                0x0000000008001f8c                CAN1_RX1_IRQHandler
                0x0000000008001f8c                UART5_IRQHandler
                0x0000000008001f8c                DMA2_Stream0_IRQHandler
                0x0000000008001f8c                TIM4_IRQHandler
                0x0000000008001f8c                I2C1_EV_IRQHandler
                0x0000000008001f8c                DMA1_Stream6_IRQHandler
                0x0000000008001f8c                DMA1_Stream1_IRQHandler
                0x0000000008001f8c                UART4_IRQHandler
                0x0000000008001f8c                TIM3_IRQHandler
                0x0000000008001f8c                RCC_IRQHandler
                0x0000000008001f8c                TIM8_BRK_TIM12_IRQHandler
                0x0000000008001f8c                Default_Handler
                0x0000000008001f8c                EXTI15_10_IRQHandler
                0x0000000008001f8c                ADC_IRQHandler
                0x0000000008001f8c                DMA1_Stream7_IRQHandler
                0x0000000008001f8c                TIM7_IRQHandler
                0x0000000008001f8c                CAN2_TX_IRQHandler
                0x0000000008001f8c                TIM5_IRQHandler
                0x0000000008001f8c                DMA2_Stream7_IRQHandler
                0x0000000008001f8c                I2C3_EV_IRQHandler
                0x0000000008001f8c                EXTI9_5_IRQHandler
                0x0000000008001f8c                RTC_WKUP_IRQHandler
                0x0000000008001f8c                LTDC_IRQHandler
                0x0000000008001f8c                ETH_WKUP_IRQHandler
                0x0000000008001f8c                SPI2_IRQHandler
                0x0000000008001f8c                OTG_HS_EP1_IN_IRQHandler
                0x0000000008001f8c                DMA1_Stream0_IRQHandler
                0x0000000008001f8c                CAN1_TX_IRQHandler
                0x0000000008001f8c                EXTI4_IRQHandler
                0x0000000008001f8c                ETH_IRQHandler
                0x0000000008001f8c                OTG_HS_EP1_OUT_IRQHandler
                0x0000000008001f8c                WWDG_IRQHandler
                0x0000000008001f8c                SPI6_IRQHandler
                0x0000000008001f8c                TIM2_IRQHandler
                0x0000000008001f8c                OTG_FS_WKUP_IRQHandler
                0x0000000008001f8c                TIM1_TRG_COM_TIM11_IRQHandler
                0x0000000008001f8c                DMA2D_IRQHandler
                0x0000000008001f8c                EXTI1_IRQHandler
                0x0000000008001f8c                UART7_IRQHandler
                0x0000000008001f8c                USART2_IRQHandler
                0x0000000008001f8c                I2C2_ER_IRQHandler
                0x0000000008001f8c                DMA2_Stream1_IRQHandler
                0x0000000008001f8c                CAN1_SCE_IRQHandler
                0x0000000008001f8c                FLASH_IRQHandler
                0x0000000008001f8c                DMA2_Stream4_IRQHandler
                0x0000000008001f8c                USART1_IRQHandler
                0x0000000008001f8c                OTG_FS_IRQHandler
                0x0000000008001f8c                SPI3_IRQHandler
                0x0000000008001f8c                DMA1_Stream4_IRQHandler
                0x0000000008001f8c                I2C1_ER_IRQHandler
                0x0000000008001f8c                FMC_IRQHandler
                0x0000000008001f8c                DMA2_Stream6_IRQHandler
                0x0000000008001f8c                SAI1_IRQHandler
                0x0000000008001f8c                DMA1_Stream3_IRQHandler
 *fill*         0x0000000008001f8e        0x2 
 .text.HAL_Init
                0x0000000008001f90       0x44 ./Drivers/STM32F4xx_HAL_Driver/Src/stm32f4xx_hal.o
                0x0000000008001f90                HAL_Init
 .text.HAL_IncTick
                0x0000000008001fd4       0x28 ./Drivers/STM32F4xx_HAL_Driver/Src/stm32f4xx_hal.o
                0x0000000008001fd4                HAL_IncTick
 .text.HAL_GetTick
                0x0000000008001ffc       0x18 ./Drivers/STM32F4xx_HAL_Driver/Src/stm32f4xx_hal.o
                0x0000000008001ffc                HAL_GetTick
 .text.HAL_Delay
                0x0000000008002014       0x48 ./Drivers/STM32F4xx_HAL_Driver/Src/stm32f4xx_hal.o
                0x0000000008002014                HAL_Delay
 .text.HAL_ADC_Init
                0x000000000800205c       0x86 ./Drivers/STM32F4xx_HAL_Driver/Src/stm32f4xx_hal_adc.o
                0x000000000800205c                HAL_ADC_Init
 *fill*         0x00000000080020e2        0x2 
 .text.HAL_ADC_Start
                0x00000000080020e4      0x1a4 ./Drivers/STM32F4xx_HAL_Driver/Src/stm32f4xx_hal_adc.o
                0x00000000080020e4                HAL_ADC_Start
 .text.HAL_ADC_GetValue
                0x0000000008002288       0x1a ./Drivers/STM32F4xx_HAL_Driver/Src/stm32f4xx_hal_adc.o
                0x0000000008002288                HAL_ADC_GetValue
 *fill*         0x00000000080022a2        0x2 
 .text.HAL_ADC_ConfigChannel
                0x00000000080022a4      0x264 ./Drivers/STM32F4xx_HAL_Driver/Src/stm32f4xx_hal_adc.o
                0x00000000080022a4                HAL_ADC_ConfigChannel
 .text.ADC_Init
                0x0000000008002508      0x1f8 ./Drivers/STM32F4xx_HAL_Driver/Src/stm32f4xx_hal_adc.o
 .text.HAL_CAN_Init
                0x0000000008002700      0x1f6 ./Drivers/STM32F4xx_HAL_Driver/Src/stm32f4xx_hal_can.o
                0x0000000008002700                HAL_CAN_Init
 *fill*         0x00000000080028f6        0x2 
 .text.HAL_CAN_ConfigFilter
                0x00000000080028f8      0x1c0 ./Drivers/STM32F4xx_HAL_Driver/Src/stm32f4xx_hal_can.o
                0x00000000080028f8                HAL_CAN_ConfigFilter
 .text.HAL_CAN_AddTxMessage
                0x0000000008002ab8      0x1b6 ./Drivers/STM32F4xx_HAL_Driver/Src/stm32f4xx_hal_can.o
                0x0000000008002ab8                HAL_CAN_AddTxMessage
 .text.HAL_CAN_GetTxMailboxesFreeLevel
                0x0000000008002c6e       0x6a ./Drivers/STM32F4xx_HAL_Driver/Src/stm32f4xx_hal_can.o
                0x0000000008002c6e                HAL_CAN_GetTxMailboxesFreeLevel
 .text.HAL_CAN_IsTxMessagePending
                0x0000000008002cd8       0x48 ./Drivers/STM32F4xx_HAL_Driver/Src/stm32f4xx_hal_can.o
                0x0000000008002cd8                HAL_CAN_IsTxMessagePending
 .text.HAL_CAN_IRQHandler
                0x0000000008002d20      0x36e ./Drivers/STM32F4xx_HAL_Driver/Src/stm32f4xx_hal_can.o
                0x0000000008002d20                HAL_CAN_IRQHandler
 .text.HAL_CAN_TxMailbox0CompleteCallback
                0x000000000800308e       0x14 ./Drivers/STM32F4xx_HAL_Driver/Src/stm32f4xx_hal_can.o
                0x000000000800308e                HAL_CAN_TxMailbox0CompleteCallback
 .text.HAL_CAN_TxMailbox1CompleteCallback
                0x00000000080030a2       0x14 ./Drivers/STM32F4xx_HAL_Driver/Src/stm32f4xx_hal_can.o
                0x00000000080030a2                HAL_CAN_TxMailbox1CompleteCallback
 .text.HAL_CAN_TxMailbox2CompleteCallback
                0x00000000080030b6       0x14 ./Drivers/STM32F4xx_HAL_Driver/Src/stm32f4xx_hal_can.o
                0x00000000080030b6                HAL_CAN_TxMailbox2CompleteCallback
 .text.HAL_CAN_TxMailbox0AbortCallback
                0x00000000080030ca       0x14 ./Drivers/STM32F4xx_HAL_Driver/Src/stm32f4xx_hal_can.o
                0x00000000080030ca                HAL_CAN_TxMailbox0AbortCallback
 .text.HAL_CAN_TxMailbox1AbortCallback
                0x00000000080030de       0x14 ./Drivers/STM32F4xx_HAL_Driver/Src/stm32f4xx_hal_can.o
                0x00000000080030de                HAL_CAN_TxMailbox1AbortCallback
 .text.HAL_CAN_TxMailbox2AbortCallback
                0x00000000080030f2       0x14 ./Drivers/STM32F4xx_HAL_Driver/Src/stm32f4xx_hal_can.o
                0x00000000080030f2                HAL_CAN_TxMailbox2AbortCallback
 .text.HAL_CAN_RxFifo0FullCallback
                0x0000000008003106       0x14 ./Drivers/STM32F4xx_HAL_Driver/Src/stm32f4xx_hal_can.o
                0x0000000008003106                HAL_CAN_RxFifo0FullCallback
 .text.HAL_CAN_RxFifo1MsgPendingCallback
                0x000000000800311a       0x14 ./Drivers/STM32F4xx_HAL_Driver/Src/stm32f4xx_hal_can.o
                0x000000000800311a                HAL_CAN_RxFifo1MsgPendingCallback
 .text.HAL_CAN_RxFifo1FullCallback
                0x000000000800312e       0x14 ./Drivers/STM32F4xx_HAL_Driver/Src/stm32f4xx_hal_can.o
                0x000000000800312e                HAL_CAN_RxFifo1FullCallback
 .text.HAL_CAN_SleepCallback
                0x0000000008003142       0x14 ./Drivers/STM32F4xx_HAL_Driver/Src/stm32f4xx_hal_can.o
                0x0000000008003142                HAL_CAN_SleepCallback
 .text.HAL_CAN_WakeUpFromRxMsgCallback
                0x0000000008003156       0x14 ./Drivers/STM32F4xx_HAL_Driver/Src/stm32f4xx_hal_can.o
                0x0000000008003156                HAL_CAN_WakeUpFromRxMsgCallback
 .text.HAL_CAN_ErrorCallback
                0x000000000800316a       0x14 ./Drivers/STM32F4xx_HAL_Driver/Src/stm32f4xx_hal_can.o
                0x000000000800316a                HAL_CAN_ErrorCallback
 *fill*         0x000000000800317e        0x2 
 .text.__NVIC_SetPriorityGrouping
                0x0000000008003180       0x48 ./Drivers/STM32F4xx_HAL_Driver/Src/stm32f4xx_hal_cortex.o
 .text.__NVIC_GetPriorityGrouping
                0x00000000080031c8       0x1c ./Drivers/STM32F4xx_HAL_Driver/Src/stm32f4xx_hal_cortex.o
 .text.__NVIC_EnableIRQ
                0x00000000080031e4       0x3c ./Drivers/STM32F4xx_HAL_Driver/Src/stm32f4xx_hal_cortex.o
 .text.__NVIC_SetPriority
                0x0000000008003220       0x54 ./Drivers/STM32F4xx_HAL_Driver/Src/stm32f4xx_hal_cortex.o
 .text.NVIC_EncodePriority
                0x0000000008003274       0x66 ./Drivers/STM32F4xx_HAL_Driver/Src/stm32f4xx_hal_cortex.o
 .text.HAL_NVIC_SetPriorityGrouping
                0x00000000080032da       0x16 ./Drivers/STM32F4xx_HAL_Driver/Src/stm32f4xx_hal_cortex.o
                0x00000000080032da                HAL_NVIC_SetPriorityGrouping
 .text.HAL_NVIC_SetPriority
                0x00000000080032f0       0x38 ./Drivers/STM32F4xx_HAL_Driver/Src/stm32f4xx_hal_cortex.o
                0x00000000080032f0                HAL_NVIC_SetPriority
 .text.HAL_NVIC_EnableIRQ
                0x0000000008003328       0x1c ./Drivers/STM32F4xx_HAL_Driver/Src/stm32f4xx_hal_cortex.o
                0x0000000008003328                HAL_NVIC_EnableIRQ
 .text.HAL_DMA_Abort_IT
                0x0000000008003344       0x44 ./Drivers/STM32F4xx_HAL_Driver/Src/stm32f4xx_hal_dma.o
                0x0000000008003344                HAL_DMA_Abort_IT
 .text.HAL_GPIO_Init
                0x0000000008003388      0x358 ./Drivers/STM32F4xx_HAL_Driver/Src/stm32f4xx_hal_gpio.o
                0x0000000008003388                HAL_GPIO_Init
 .text.HAL_GPIO_WritePin
                0x00000000080036e0       0x32 ./Drivers/STM32F4xx_HAL_Driver/Src/stm32f4xx_hal_gpio.o
                0x00000000080036e0                HAL_GPIO_WritePin
 *fill*         0x0000000008003712        0x2 
 .text.HAL_GPIO_EXTI_IRQHandler
                0x0000000008003714       0x30 ./Drivers/STM32F4xx_HAL_Driver/Src/stm32f4xx_hal_gpio.o
                0x0000000008003714                HAL_GPIO_EXTI_IRQHandler
 .text.HAL_I2C_Init
                0x0000000008003744      0x288 ./Drivers/STM32F4xx_HAL_Driver/Src/stm32f4xx_hal_i2c.o
                0x0000000008003744                HAL_I2C_Init
 .text.HAL_I2C_Mem_Write
                0x00000000080039cc      0x1f4 ./Drivers/STM32F4xx_HAL_Driver/Src/stm32f4xx_hal_i2c.o
                0x00000000080039cc                HAL_I2C_Mem_Write
 .text.HAL_I2C_Mem_Read
                0x0000000008003bc0      0x44c ./Drivers/STM32F4xx_HAL_Driver/Src/stm32f4xx_hal_i2c.o
                0x0000000008003bc0                HAL_I2C_Mem_Read
 .text.I2C_RequestMemoryWrite
                0x000000000800400c      0x12c ./Drivers/STM32F4xx_HAL_Driver/Src/stm32f4xx_hal_i2c.o
 .text.I2C_RequestMemoryRead
                0x0000000008004138      0x1d0 ./Drivers/STM32F4xx_HAL_Driver/Src/stm32f4xx_hal_i2c.o
 .text.I2C_WaitOnFlagUntilTimeout
                0x0000000008004308       0xae ./Drivers/STM32F4xx_HAL_Driver/Src/stm32f4xx_hal_i2c.o
 .text.I2C_WaitOnMasterAddressFlagUntilTimeout
                0x00000000080043b6       0xfe ./Drivers/STM32F4xx_HAL_Driver/Src/stm32f4xx_hal_i2c.o
 .text.I2C_WaitOnTXEFlagUntilTimeout
                0x00000000080044b4       0x82 ./Drivers/STM32F4xx_HAL_Driver/Src/stm32f4xx_hal_i2c.o
 .text.I2C_WaitOnBTFFlagUntilTimeout
                0x0000000008004536       0x82 ./Drivers/STM32F4xx_HAL_Driver/Src/stm32f4xx_hal_i2c.o
 .text.I2C_WaitOnRXNEFlagUntilTimeout
                0x00000000080045b8       0xac ./Drivers/STM32F4xx_HAL_Driver/Src/stm32f4xx_hal_i2c.o
 .text.I2C_IsAcknowledgeFailed
                0x0000000008004664       0x5e ./Drivers/STM32F4xx_HAL_Driver/Src/stm32f4xx_hal_i2c.o
 .text.HAL_I2CEx_ConfigAnalogFilter
                0x00000000080046c2       0x78 ./Drivers/STM32F4xx_HAL_Driver/Src/stm32f4xx_hal_i2c_ex.o
                0x00000000080046c2                HAL_I2CEx_ConfigAnalogFilter
 .text.HAL_I2CEx_ConfigDigitalFilter
                0x000000000800473a       0x7e ./Drivers/STM32F4xx_HAL_Driver/Src/stm32f4xx_hal_i2c_ex.o
                0x000000000800473a                HAL_I2CEx_ConfigDigitalFilter
 .text.HAL_PCD_Init
                0x00000000080047b8      0x23a ./Drivers/STM32F4xx_HAL_Driver/Src/stm32f4xx_hal_pcd.o
                0x00000000080047b8                HAL_PCD_Init
 .text.HAL_PCD_Start
                0x00000000080049f2       0x66 ./Drivers/STM32F4xx_HAL_Driver/Src/stm32f4xx_hal_pcd.o
                0x00000000080049f2                HAL_PCD_Start
 .text.HAL_PCD_IRQHandler
                0x0000000008004a58      0x93e ./Drivers/STM32F4xx_HAL_Driver/Src/stm32f4xx_hal_pcd.o
                0x0000000008004a58                HAL_PCD_IRQHandler
 .text.HAL_PCD_SetAddress
                0x0000000008005396       0x4a ./Drivers/STM32F4xx_HAL_Driver/Src/stm32f4xx_hal_pcd.o
                0x0000000008005396                HAL_PCD_SetAddress
 .text.HAL_PCD_EP_Open
                0x00000000080053e0       0xd0 ./Drivers/STM32F4xx_HAL_Driver/Src/stm32f4xx_hal_pcd.o
                0x00000000080053e0                HAL_PCD_EP_Open
 .text.HAL_PCD_EP_Close
                0x00000000080054b0       0x94 ./Drivers/STM32F4xx_HAL_Driver/Src/stm32f4xx_hal_pcd.o
                0x00000000080054b0                HAL_PCD_EP_Close
 .text.HAL_PCD_EP_Receive
                0x0000000008005544       0x96 ./Drivers/STM32F4xx_HAL_Driver/Src/stm32f4xx_hal_pcd.o
                0x0000000008005544                HAL_PCD_EP_Receive
 .text.HAL_PCD_EP_GetRxCount
                0x00000000080055da       0x30 ./Drivers/STM32F4xx_HAL_Driver/Src/stm32f4xx_hal_pcd.o
                0x00000000080055da                HAL_PCD_EP_GetRxCount
 .text.HAL_PCD_EP_Transmit
                0x000000000800560a       0x94 ./Drivers/STM32F4xx_HAL_Driver/Src/stm32f4xx_hal_pcd.o
                0x000000000800560a                HAL_PCD_EP_Transmit
 .text.HAL_PCD_EP_SetStall
                0x000000000800569e       0xc8 ./Drivers/STM32F4xx_HAL_Driver/Src/stm32f4xx_hal_pcd.o
                0x000000000800569e                HAL_PCD_EP_SetStall
 .text.HAL_PCD_EP_ClrStall
                0x0000000008005766       0xac ./Drivers/STM32F4xx_HAL_Driver/Src/stm32f4xx_hal_pcd.o
                0x0000000008005766                HAL_PCD_EP_ClrStall
 .text.HAL_PCD_EP_Abort
                0x0000000008005812       0x62 ./Drivers/STM32F4xx_HAL_Driver/Src/stm32f4xx_hal_pcd.o
                0x0000000008005812                HAL_PCD_EP_Abort
 .text.PCD_WriteEmptyTxFifo
                0x0000000008005874      0x11a ./Drivers/STM32F4xx_HAL_Driver/Src/stm32f4xx_hal_pcd.o
 *fill*         0x000000000800598e        0x2 
 .text.PCD_EP_OutXfrComplete_int
                0x0000000008005990      0x1d0 ./Drivers/STM32F4xx_HAL_Driver/Src/stm32f4xx_hal_pcd.o
 .text.PCD_EP_OutSetupPacket_int
                0x0000000008005b60       0x8c ./Drivers/STM32F4xx_HAL_Driver/Src/stm32f4xx_hal_pcd.o
 .text.HAL_PCDEx_SetTxFiFo
                0x0000000008005bec       0x8e ./Drivers/STM32F4xx_HAL_Driver/Src/stm32f4xx_hal_pcd_ex.o
                0x0000000008005bec                HAL_PCDEx_SetTxFiFo
 .text.HAL_PCDEx_SetRxFiFo
                0x0000000008005c7a       0x22 ./Drivers/STM32F4xx_HAL_Driver/Src/stm32f4xx_hal_pcd_ex.o
                0x0000000008005c7a                HAL_PCDEx_SetRxFiFo
 .text.HAL_PCDEx_LPM_Callback
                0x0000000008005c9c       0x18 ./Drivers/STM32F4xx_HAL_Driver/Src/stm32f4xx_hal_pcd_ex.o
                0x0000000008005c9c                HAL_PCDEx_LPM_Callback
 .text.HAL_RCC_OscConfig
                0x0000000008005cb4      0x4f0 ./Drivers/STM32F4xx_HAL_Driver/Src/stm32f4xx_hal_rcc.o
                0x0000000008005cb4                HAL_RCC_OscConfig
 .text.HAL_RCC_ClockConfig
                0x00000000080061a4      0x1cc ./Drivers/STM32F4xx_HAL_Driver/Src/stm32f4xx_hal_rcc.o
                0x00000000080061a4                HAL_RCC_ClockConfig
 .text.HAL_RCC_GetSysClockFreq
                0x0000000008006370      0x20c ./Drivers/STM32F4xx_HAL_Driver/Src/stm32f4xx_hal_rcc.o
                0x0000000008006370                HAL_RCC_GetSysClockFreq
 .text.HAL_RCC_GetHCLKFreq
                0x000000000800657c       0x18 ./Drivers/STM32F4xx_HAL_Driver/Src/stm32f4xx_hal_rcc.o
                0x000000000800657c                HAL_RCC_GetHCLKFreq
 .text.HAL_RCC_GetPCLK1Freq
                0x0000000008006594       0x28 ./Drivers/STM32F4xx_HAL_Driver/Src/stm32f4xx_hal_rcc.o
                0x0000000008006594                HAL_RCC_GetPCLK1Freq
 .text.HAL_RCC_GetPCLK2Freq
                0x00000000080065bc       0x28 ./Drivers/STM32F4xx_HAL_Driver/Src/stm32f4xx_hal_rcc.o
                0x00000000080065bc                HAL_RCC_GetPCLK2Freq
 .text.HAL_RCC_GetClockConfig
                0x00000000080065e4       0x64 ./Drivers/STM32F4xx_HAL_Driver/Src/stm32f4xx_hal_rcc.o
                0x00000000080065e4                HAL_RCC_GetClockConfig
 .text.HAL_SPI_Init
                0x0000000008006648      0x112 ./Drivers/STM32F4xx_HAL_Driver/Src/stm32f4xx_hal_spi.o
                0x0000000008006648                HAL_SPI_Init
 .text.HAL_SPI_Transmit
                0x000000000800675a      0x278 ./Drivers/STM32F4xx_HAL_Driver/Src/stm32f4xx_hal_spi.o
                0x000000000800675a                HAL_SPI_Transmit
 .text.HAL_SPI_Receive
                0x00000000080069d2      0x222 ./Drivers/STM32F4xx_HAL_Driver/Src/stm32f4xx_hal_spi.o
                0x00000000080069d2                HAL_SPI_Receive
 .text.HAL_SPI_TransmitReceive
                0x0000000008006bf4      0x344 ./Drivers/STM32F4xx_HAL_Driver/Src/stm32f4xx_hal_spi.o
                0x0000000008006bf4                HAL_SPI_TransmitReceive
 .text.HAL_SPI_IRQHandler
                0x0000000008006f38      0x200 ./Drivers/STM32F4xx_HAL_Driver/Src/stm32f4xx_hal_spi.o
                0x0000000008006f38                HAL_SPI_IRQHandler
 .text.HAL_SPI_ErrorCallback
                0x0000000008007138       0x14 ./Drivers/STM32F4xx_HAL_Driver/Src/stm32f4xx_hal_spi.o
                0x0000000008007138                HAL_SPI_ErrorCallback
 .text.SPI_DMAAbortOnError
                0x000000000800714c       0x28 ./Drivers/STM32F4xx_HAL_Driver/Src/stm32f4xx_hal_spi.o
 .text.SPI_WaitFlagStateUntilTimeout
                0x0000000008007174      0x110 ./Drivers/STM32F4xx_HAL_Driver/Src/stm32f4xx_hal_spi.o
 .text.SPI_EndRxTransaction
                0x0000000008007284       0xca ./Drivers/STM32F4xx_HAL_Driver/Src/stm32f4xx_hal_spi.o
 *fill*         0x000000000800734e        0x2 
 .text.SPI_EndRxTxTransaction
                0x0000000008007350       0x84 ./Drivers/STM32F4xx_HAL_Driver/Src/stm32f4xx_hal_spi.o
 .text.HAL_TIM_Base_Init
                0x00000000080073d4       0x9e ./Drivers/STM32F4xx_HAL_Driver/Src/stm32f4xx_hal_tim.o
                0x00000000080073d4                HAL_TIM_Base_Init
 *fill*         0x0000000008007472        0x2 
 .text.HAL_TIM_Base_Start_IT
                0x0000000008007474       0xe0 ./Drivers/STM32F4xx_HAL_Driver/Src/stm32f4xx_hal_tim.o
                0x0000000008007474                HAL_TIM_Base_Start_IT
 .text.HAL_TIM_Base_Stop_IT
                0x0000000008007554       0x5e ./Drivers/STM32F4xx_HAL_Driver/Src/stm32f4xx_hal_tim.o
                0x0000000008007554                HAL_TIM_Base_Stop_IT
 .text.HAL_TIM_PWM_Init
                0x00000000080075b2       0x9e ./Drivers/STM32F4xx_HAL_Driver/Src/stm32f4xx_hal_tim.o
                0x00000000080075b2                HAL_TIM_PWM_Init
 .text.HAL_TIM_PWM_Start
                0x0000000008007650      0x190 ./Drivers/STM32F4xx_HAL_Driver/Src/stm32f4xx_hal_tim.o
                0x0000000008007650                HAL_TIM_PWM_Start
 .text.HAL_TIM_IRQHandler
                0x00000000080077e0      0x210 ./Drivers/STM32F4xx_HAL_Driver/Src/stm32f4xx_hal_tim.o
                0x00000000080077e0                HAL_TIM_IRQHandler
 .text.HAL_TIM_PWM_ConfigChannel
                0x00000000080079f0      0x184 ./Drivers/STM32F4xx_HAL_Driver/Src/stm32f4xx_hal_tim.o
                0x00000000080079f0                HAL_TIM_PWM_ConfigChannel
 .text.HAL_TIM_OC_DelayElapsedCallback
                0x0000000008007b74       0x14 ./Drivers/STM32F4xx_HAL_Driver/Src/stm32f4xx_hal_tim.o
                0x0000000008007b74                HAL_TIM_OC_DelayElapsedCallback
 .text.HAL_TIM_IC_CaptureCallback
                0x0000000008007b88       0x14 ./Drivers/STM32F4xx_HAL_Driver/Src/stm32f4xx_hal_tim.o
                0x0000000008007b88                HAL_TIM_IC_CaptureCallback
 .text.HAL_TIM_PWM_PulseFinishedCallback
                0x0000000008007b9c       0x14 ./Drivers/STM32F4xx_HAL_Driver/Src/stm32f4xx_hal_tim.o
                0x0000000008007b9c                HAL_TIM_PWM_PulseFinishedCallback
 .text.HAL_TIM_TriggerCallback
                0x0000000008007bb0       0x14 ./Drivers/STM32F4xx_HAL_Driver/Src/stm32f4xx_hal_tim.o
                0x0000000008007bb0                HAL_TIM_TriggerCallback
 .text.TIM_Base_SetConfig
                0x0000000008007bc4      0x140 ./Drivers/STM32F4xx_HAL_Driver/Src/stm32f4xx_hal_tim.o
                0x0000000008007bc4                TIM_Base_SetConfig
 .text.TIM_OC1_SetConfig
                0x0000000008007d04       0xe0 ./Drivers/STM32F4xx_HAL_Driver/Src/stm32f4xx_hal_tim.o
 .text.TIM_OC2_SetConfig
                0x0000000008007de4       0xec ./Drivers/STM32F4xx_HAL_Driver/Src/stm32f4xx_hal_tim.o
                0x0000000008007de4                TIM_OC2_SetConfig
 .text.TIM_OC3_SetConfig
                0x0000000008007ed0       0xe8 ./Drivers/STM32F4xx_HAL_Driver/Src/stm32f4xx_hal_tim.o
 .text.TIM_OC4_SetConfig
                0x0000000008007fb8       0xac ./Drivers/STM32F4xx_HAL_Driver/Src/stm32f4xx_hal_tim.o
 .text.TIM_CCxChannelCmd
                0x0000000008008064       0x4a ./Drivers/STM32F4xx_HAL_Driver/Src/stm32f4xx_hal_tim.o
                0x0000000008008064                TIM_CCxChannelCmd
 *fill*         0x00000000080080ae        0x2 
 .text.HAL_TIMEx_MasterConfigSynchronization
                0x00000000080080b0       0xf8 ./Drivers/STM32F4xx_HAL_Driver/Src/stm32f4xx_hal_tim_ex.o
                0x00000000080080b0                HAL_TIMEx_MasterConfigSynchronization
 .text.HAL_TIMEx_ConfigBreakDeadTime
                0x00000000080081a8       0xa4 ./Drivers/STM32F4xx_HAL_Driver/Src/stm32f4xx_hal_tim_ex.o
                0x00000000080081a8                HAL_TIMEx_ConfigBreakDeadTime
 .text.HAL_TIMEx_CommutCallback
                0x000000000800824c       0x14 ./Drivers/STM32F4xx_HAL_Driver/Src/stm32f4xx_hal_tim_ex.o
                0x000000000800824c                HAL_TIMEx_CommutCallback
 .text.HAL_TIMEx_BreakCallback
                0x0000000008008260       0x14 ./Drivers/STM32F4xx_HAL_Driver/Src/stm32f4xx_hal_tim_ex.o
                0x0000000008008260                HAL_TIMEx_BreakCallback
 .text.HAL_UART_Init
                0x0000000008008274       0x9a ./Drivers/STM32F4xx_HAL_Driver/Src/stm32f4xx_hal_uart.o
                0x0000000008008274                HAL_UART_Init
 .text.HAL_UART_Transmit
                0x000000000800830e      0x124 ./Drivers/STM32F4xx_HAL_Driver/Src/stm32f4xx_hal_uart.o
                0x000000000800830e                HAL_UART_Transmit
 .text.UART_WaitOnFlagUntilTimeout
                0x0000000008008432       0xdc ./Drivers/STM32F4xx_HAL_Driver/Src/stm32f4xx_hal_uart.o
 *fill*         0x000000000800850e        0x2 
 .text.UART_SetConfig
                0x0000000008008510      0x4e8 ./Drivers/STM32F4xx_HAL_Driver/Src/stm32f4xx_hal_uart.o
 .text.USB_CoreInit
                0x00000000080089f8       0xc2 ./Drivers/STM32F4xx_HAL_Driver/Src/stm32f4xx_ll_usb.o
                0x00000000080089f8                USB_CoreInit
 *fill*         0x0000000008008aba        0x2 
 .text.USB_SetTurnaroundTime
                0x0000000008008abc      0x144 ./Drivers/STM32F4xx_HAL_Driver/Src/stm32f4xx_ll_usb.o
                0x0000000008008abc                USB_SetTurnaroundTime
 .text.USB_EnableGlobalInt
                0x0000000008008c00       0x22 ./Drivers/STM32F4xx_HAL_Driver/Src/stm32f4xx_ll_usb.o
                0x0000000008008c00                USB_EnableGlobalInt
 .text.USB_DisableGlobalInt
                0x0000000008008c22       0x22 ./Drivers/STM32F4xx_HAL_Driver/Src/stm32f4xx_ll_usb.o
                0x0000000008008c22                USB_DisableGlobalInt
 .text.USB_SetCurrentMode
                0x0000000008008c44       0x98 ./Drivers/STM32F4xx_HAL_Driver/Src/stm32f4xx_ll_usb.o
                0x0000000008008c44                USB_SetCurrentMode
 .text.USB_DevInit
                0x0000000008008cdc      0x2c8 ./Drivers/STM32F4xx_HAL_Driver/Src/stm32f4xx_ll_usb.o
                0x0000000008008cdc                USB_DevInit
 .text.USB_FlushTxFifo
                0x0000000008008fa4       0x68 ./Drivers/STM32F4xx_HAL_Driver/Src/stm32f4xx_ll_usb.o
                0x0000000008008fa4                USB_FlushTxFifo
 .text.USB_FlushRxFifo
                0x000000000800900c       0x60 ./Drivers/STM32F4xx_HAL_Driver/Src/stm32f4xx_ll_usb.o
                0x000000000800900c                USB_FlushRxFifo
 .text.USB_SetDevSpeed
                0x000000000800906c       0x32 ./Drivers/STM32F4xx_HAL_Driver/Src/stm32f4xx_ll_usb.o
                0x000000000800906c                USB_SetDevSpeed
 .text.USB_GetDevSpeed
                0x000000000800909e       0x4a ./Drivers/STM32F4xx_HAL_Driver/Src/stm32f4xx_ll_usb.o
                0x000000000800909e                USB_GetDevSpeed
 .text.USB_ActivateEndpoint
                0x00000000080090e8      0x10e ./Drivers/STM32F4xx_HAL_Driver/Src/stm32f4xx_ll_usb.o
                0x00000000080090e8                USB_ActivateEndpoint
 *fill*         0x00000000080091f6        0x2 
 .text.USB_DeactivateEndpoint
                0x00000000080091f8      0x1b8 ./Drivers/STM32F4xx_HAL_Driver/Src/stm32f4xx_ll_usb.o
                0x00000000080091f8                USB_DeactivateEndpoint
 .text.USB_EPStartXfer
                0x00000000080093b0      0x490 ./Drivers/STM32F4xx_HAL_Driver/Src/stm32f4xx_ll_usb.o
                0x00000000080093b0                USB_EPStartXfer
 .text.USB_EP0StartXfer
                0x0000000008009840      0x2b0 ./Drivers/STM32F4xx_HAL_Driver/Src/stm32f4xx_ll_usb.o
                0x0000000008009840                USB_EP0StartXfer
 .text.USB_EPStopXfer
                0x0000000008009af0      0x154 ./Drivers/STM32F4xx_HAL_Driver/Src/stm32f4xx_ll_usb.o
                0x0000000008009af0                USB_EPStopXfer
 .text.USB_WritePacket
                0x0000000008009c44       0x7c ./Drivers/STM32F4xx_HAL_Driver/Src/stm32f4xx_ll_usb.o
                0x0000000008009c44                USB_WritePacket
 .text.USB_ReadPacket
                0x0000000008009cc0       0xb0 ./Drivers/STM32F4xx_HAL_Driver/Src/stm32f4xx_ll_usb.o
                0x0000000008009cc0                USB_ReadPacket
 .text.USB_EPSetStall
                0x0000000008009d70       0xdc ./Drivers/STM32F4xx_HAL_Driver/Src/stm32f4xx_ll_usb.o
                0x0000000008009d70                USB_EPSetStall
 .text.USB_EPClearStall
                0x0000000008009e4c       0xcc ./Drivers/STM32F4xx_HAL_Driver/Src/stm32f4xx_ll_usb.o
                0x0000000008009e4c                USB_EPClearStall
 .text.USB_SetDevAddress
                0x0000000008009f18       0x4c ./Drivers/STM32F4xx_HAL_Driver/Src/stm32f4xx_ll_usb.o
                0x0000000008009f18                USB_SetDevAddress
 .text.USB_DevConnect
                0x0000000008009f64       0x42 ./Drivers/STM32F4xx_HAL_Driver/Src/stm32f4xx_ll_usb.o
                0x0000000008009f64                USB_DevConnect
 .text.USB_DevDisconnect
                0x0000000008009fa6       0x42 ./Drivers/STM32F4xx_HAL_Driver/Src/stm32f4xx_ll_usb.o
                0x0000000008009fa6                USB_DevDisconnect
 .text.USB_ReadInterrupts
                0x0000000008009fe8       0x26 ./Drivers/STM32F4xx_HAL_Driver/Src/stm32f4xx_ll_usb.o
                0x0000000008009fe8                USB_ReadInterrupts
 .text.USB_ReadDevAllOutEpInterrupt
                0x000000000800a00e       0x34 ./Drivers/STM32F4xx_HAL_Driver/Src/stm32f4xx_ll_usb.o
                0x000000000800a00e                USB_ReadDevAllOutEpInterrupt
 .text.USB_ReadDevAllInEpInterrupt
                0x000000000800a042       0x34 ./Drivers/STM32F4xx_HAL_Driver/Src/stm32f4xx_ll_usb.o
                0x000000000800a042                USB_ReadDevAllInEpInterrupt
 .text.USB_ReadDevOutEPInterrupt
                0x000000000800a076       0x3c ./Drivers/STM32F4xx_HAL_Driver/Src/stm32f4xx_ll_usb.o
                0x000000000800a076                USB_ReadDevOutEPInterrupt
 .text.USB_ReadDevInEPInterrupt
                0x000000000800a0b2       0x5c ./Drivers/STM32F4xx_HAL_Driver/Src/stm32f4xx_ll_usb.o
                0x000000000800a0b2                USB_ReadDevInEPInterrupt
 .text.USB_GetMode
                0x000000000800a10e       0x1c ./Drivers/STM32F4xx_HAL_Driver/Src/stm32f4xx_ll_usb.o
                0x000000000800a10e                USB_GetMode
 .text.USB_ActivateSetup
                0x000000000800a12a       0x46 ./Drivers/STM32F4xx_HAL_Driver/Src/stm32f4xx_ll_usb.o
                0x000000000800a12a                USB_ActivateSetup
 .text.USB_EP0_OutStart
                0x000000000800a170       0xbc ./Drivers/STM32F4xx_HAL_Driver/Src/stm32f4xx_ll_usb.o
                0x000000000800a170                USB_EP0_OutStart
 .text.USB_CoreReset
                0x000000000800a22c       0x68 ./Drivers/STM32F4xx_HAL_Driver/Src/stm32f4xx_ll_usb.o
 .text.USBD_CDC_Init
                0x000000000800a294      0x1f0 ./Middlewares/ST/STM32_USB_Device_Library/Class/CDC/Src/usbd_cdc.o
 .text.USBD_CDC_DeInit
                0x000000000800a484      0x104 ./Middlewares/ST/STM32_USB_Device_Library/Class/CDC/Src/usbd_cdc.o
 .text.USBD_CDC_Setup
                0x000000000800a588      0x1b8 ./Middlewares/ST/STM32_USB_Device_Library/Class/CDC/Src/usbd_cdc.o
 .text.USBD_CDC_DataIn
                0x000000000800a740       0xfe ./Middlewares/ST/STM32_USB_Device_Library/Class/CDC/Src/usbd_cdc.o
 .text.USBD_CDC_DataOut
                0x000000000800a83e       0x70 ./Middlewares/ST/STM32_USB_Device_Library/Class/CDC/Src/usbd_cdc.o
 .text.USBD_CDC_EP0_RxReady
                0x000000000800a8ae       0x76 ./Middlewares/ST/STM32_USB_Device_Library/Class/CDC/Src/usbd_cdc.o
 .text.USBD_CDC_GetFSCfgDesc
                0x000000000800a924       0x70 ./Middlewares/ST/STM32_USB_Device_Library/Class/CDC/Src/usbd_cdc.o
 .text.USBD_CDC_GetHSCfgDesc
                0x000000000800a994       0x70 ./Middlewares/ST/STM32_USB_Device_Library/Class/CDC/Src/usbd_cdc.o
 .text.USBD_CDC_GetOtherSpeedCfgDesc
                0x000000000800aa04       0x70 ./Middlewares/ST/STM32_USB_Device_Library/Class/CDC/Src/usbd_cdc.o
 .text.USBD_CDC_GetDeviceQualifierDescriptor
                0x000000000800aa74       0x20 ./Middlewares/ST/STM32_USB_Device_Library/Class/CDC/Src/usbd_cdc.o
                0x000000000800aa74                USBD_CDC_GetDeviceQualifierDescriptor
 .text.USBD_CDC_RegisterInterface
                0x000000000800aa94       0x34 ./Middlewares/ST/STM32_USB_Device_Library/Class/CDC/Src/usbd_cdc.o
                0x000000000800aa94                USBD_CDC_RegisterInterface
 .text.USBD_CDC_SetTxBuffer
                0x000000000800aac8       0x44 ./Middlewares/ST/STM32_USB_Device_Library/Class/CDC/Src/usbd_cdc.o
                0x000000000800aac8                USBD_CDC_SetTxBuffer
 .text.USBD_CDC_SetRxBuffer
                0x000000000800ab0c       0x3a ./Middlewares/ST/STM32_USB_Device_Library/Class/CDC/Src/usbd_cdc.o
                0x000000000800ab0c                USBD_CDC_SetRxBuffer
 *fill*         0x000000000800ab46        0x2 
 .text.USBD_CDC_ReceivePacket
                0x000000000800ab48       0x6c ./Middlewares/ST/STM32_USB_Device_Library/Class/CDC/Src/usbd_cdc.o
                0x000000000800ab48                USBD_CDC_ReceivePacket
 .text.USBD_Init
                0x000000000800abb4       0x60 ./Middlewares/ST/STM32_USB_Device_Library/Core/Src/usbd_core.o
                0x000000000800abb4                USBD_Init
 .text.USBD_RegisterClass
                0x000000000800ac14       0x6c ./Middlewares/ST/STM32_USB_Device_Library/Core/Src/usbd_core.o
                0x000000000800ac14                USBD_RegisterClass
 .text.USBD_Start
                0x000000000800ac80       0x18 ./Middlewares/ST/STM32_USB_Device_Library/Core/Src/usbd_core.o
                0x000000000800ac80                USBD_Start
 .text.USBD_RunTestMode
                0x000000000800ac98       0x16 ./Middlewares/ST/STM32_USB_Device_Library/Core/Src/usbd_core.o
                0x000000000800ac98                USBD_RunTestMode
 .text.USBD_SetClassConfig
                0x000000000800acae       0x38 ./Middlewares/ST/STM32_USB_Device_Library/Core/Src/usbd_core.o
                0x000000000800acae                USBD_SetClassConfig
 .text.USBD_ClrClassConfig
                0x000000000800ace6       0x34 ./Middlewares/ST/STM32_USB_Device_Library/Core/Src/usbd_core.o
                0x000000000800ace6                USBD_ClrClassConfig
 .text.USBD_LL_SetupStage
                0x000000000800ad1a       0xaa ./Middlewares/ST/STM32_USB_Device_Library/Core/Src/usbd_core.o
                0x000000000800ad1a                USBD_LL_SetupStage
 .text.USBD_LL_DataOutStage
                0x000000000800adc4      0x166 ./Middlewares/ST/STM32_USB_Device_Library/Core/Src/usbd_core.o
                0x000000000800adc4                USBD_LL_DataOutStage
 .text.USBD_LL_DataInStage
                0x000000000800af2a      0x164 ./Middlewares/ST/STM32_USB_Device_Library/Core/Src/usbd_core.o
                0x000000000800af2a                USBD_LL_DataInStage
 .text.USBD_LL_Reset
                0x000000000800b08e       0xa4 ./Middlewares/ST/STM32_USB_Device_Library/Core/Src/usbd_core.o
                0x000000000800b08e                USBD_LL_Reset
 .text.USBD_LL_SetSpeed
                0x000000000800b132       0x20 ./Middlewares/ST/STM32_USB_Device_Library/Core/Src/usbd_core.o
                0x000000000800b132                USBD_LL_SetSpeed
 .text.USBD_LL_Suspend
                0x000000000800b152       0x2c ./Middlewares/ST/STM32_USB_Device_Library/Core/Src/usbd_core.o
                0x000000000800b152                USBD_LL_Suspend
 .text.USBD_LL_Resume
                0x000000000800b17e       0x30 ./Middlewares/ST/STM32_USB_Device_Library/Core/Src/usbd_core.o
                0x000000000800b17e                USBD_LL_Resume
 .text.USBD_LL_SOF
                0x000000000800b1ae       0x40 ./Middlewares/ST/STM32_USB_Device_Library/Core/Src/usbd_core.o
                0x000000000800b1ae                USBD_LL_SOF
 .text.USBD_LL_IsoINIncomplete
                0x000000000800b1ee       0x64 ./Middlewares/ST/STM32_USB_Device_Library/Core/Src/usbd_core.o
                0x000000000800b1ee                USBD_LL_IsoINIncomplete
 .text.USBD_LL_IsoOUTIncomplete
                0x000000000800b252       0x64 ./Middlewares/ST/STM32_USB_Device_Library/Core/Src/usbd_core.o
                0x000000000800b252                USBD_LL_IsoOUTIncomplete
 .text.USBD_LL_DevConnected
                0x000000000800b2b6       0x16 ./Middlewares/ST/STM32_USB_Device_Library/Core/Src/usbd_core.o
                0x000000000800b2b6                USBD_LL_DevConnected
 .text.USBD_LL_DevDisconnected
                0x000000000800b2cc       0x46 ./Middlewares/ST/STM32_USB_Device_Library/Core/Src/usbd_core.o
                0x000000000800b2cc                USBD_LL_DevDisconnected
 .text.USBD_CoreFindIF
                0x000000000800b312       0x1a ./Middlewares/ST/STM32_USB_Device_Library/Core/Src/usbd_core.o
                0x000000000800b312                USBD_CoreFindIF
 .text.USBD_CoreFindEP
                0x000000000800b32c       0x1a ./Middlewares/ST/STM32_USB_Device_Library/Core/Src/usbd_core.o
                0x000000000800b32c                USBD_CoreFindEP
 .text.USBD_GetEpDesc
                0x000000000800b346       0x74 ./Middlewares/ST/STM32_USB_Device_Library/Core/Src/usbd_core.o
                0x000000000800b346                USBD_GetEpDesc
 .text.USBD_GetNextDesc
                0x000000000800b3ba       0x3a ./Middlewares/ST/STM32_USB_Device_Library/Core/Src/usbd_core.o
                0x000000000800b3ba                USBD_GetNextDesc
 .text.SWAPBYTE
                0x000000000800b3f4       0x3c ./Middlewares/ST/STM32_USB_Device_Library/Core/Src/usbd_ctlreq.o
 .text.USBD_StdDevReq
                0x000000000800b430       0xe4 ./Middlewares/ST/STM32_USB_Device_Library/Core/Src/usbd_ctlreq.o
                0x000000000800b430                USBD_StdDevReq
 .text.USBD_StdItfReq
                0x000000000800b514       0xd8 ./Middlewares/ST/STM32_USB_Device_Library/Core/Src/usbd_ctlreq.o
                0x000000000800b514                USBD_StdItfReq
 .text.USBD_StdEPReq
                0x000000000800b5ec      0x33a ./Middlewares/ST/STM32_USB_Device_Library/Core/Src/usbd_ctlreq.o
                0x000000000800b5ec                USBD_StdEPReq
 *fill*         0x000000000800b926        0x2 
 .text.USBD_GetDescriptor
                0x000000000800b928      0x2d4 ./Middlewares/ST/STM32_USB_Device_Library/Core/Src/usbd_ctlreq.o
 .text.USBD_SetAddress
                0x000000000800bbfc       0x88 ./Middlewares/ST/STM32_USB_Device_Library/Core/Src/usbd_ctlreq.o
 .text.USBD_SetConfig
                0x000000000800bc84      0x154 ./Middlewares/ST/STM32_USB_Device_Library/Core/Src/usbd_ctlreq.o
 .text.USBD_GetConfig
                0x000000000800bdd8       0x6c ./Middlewares/ST/STM32_USB_Device_Library/Core/Src/usbd_ctlreq.o
 .text.USBD_GetStatus
                0x000000000800be44       0x68 ./Middlewares/ST/STM32_USB_Device_Library/Core/Src/usbd_ctlreq.o
 .text.USBD_SetFeature
                0x000000000800beac       0x52 ./Middlewares/ST/STM32_USB_Device_Library/Core/Src/usbd_ctlreq.o
 .text.USBD_ClrFeature
                0x000000000800befe       0x44 ./Middlewares/ST/STM32_USB_Device_Library/Core/Src/usbd_ctlreq.o
 .text.USBD_ParseSetupRequest
                0x000000000800bf42       0x74 ./Middlewares/ST/STM32_USB_Device_Library/Core/Src/usbd_ctlreq.o
                0x000000000800bf42                USBD_ParseSetupRequest
 .text.USBD_CtlError
                0x000000000800bfb6       0x22 ./Middlewares/ST/STM32_USB_Device_Library/Core/Src/usbd_ctlreq.o
                0x000000000800bfb6                USBD_CtlError
 .text.USBD_GetString
                0x000000000800bfd8       0x8c ./Middlewares/ST/STM32_USB_Device_Library/Core/Src/usbd_ctlreq.o
                0x000000000800bfd8                USBD_GetString
 .text.USBD_GetLen
                0x000000000800c064       0x34 ./Middlewares/ST/STM32_USB_Device_Library/Core/Src/usbd_ctlreq.o
 .text.USBD_CtlSendData
                0x000000000800c098       0x36 ./Middlewares/ST/STM32_USB_Device_Library/Core/Src/usbd_ioreq.o
                0x000000000800c098                USBD_CtlSendData
 .text.USBD_CtlContinueSendData
                0x000000000800c0ce       0x22 ./Middlewares/ST/STM32_USB_Device_Library/Core/Src/usbd_ioreq.o
                0x000000000800c0ce                USBD_CtlContinueSendData
 .text.USBD_CtlPrepareRx
                0x000000000800c0f0       0x3a ./Middlewares/ST/STM32_USB_Device_Library/Core/Src/usbd_ioreq.o
                0x000000000800c0f0                USBD_CtlPrepareRx
 .text.USBD_CtlContinueRx
                0x000000000800c12a       0x22 ./Middlewares/ST/STM32_USB_Device_Library/Core/Src/usbd_ioreq.o
                0x000000000800c12a                USBD_CtlContinueRx
 .text.USBD_CtlSendStatus
                0x000000000800c14c       0x26 ./Middlewares/ST/STM32_USB_Device_Library/Core/Src/usbd_ioreq.o
                0x000000000800c14c                USBD_CtlSendStatus
 .text.USBD_CtlReceiveStatus
                0x000000000800c172       0x26 ./Middlewares/ST/STM32_USB_Device_Library/Core/Src/usbd_ioreq.o
                0x000000000800c172                USBD_CtlReceiveStatus
 .text.makeFreeRtosPriority
                0x000000000800c198       0x30 ./Middlewares/Third_Party/FreeRTOS/Source/CMSIS_RTOS/cmsis_os.o
 .text.inHandlerMode
                0x000000000800c1c8       0x24 ./Middlewares/Third_Party/FreeRTOS/Source/CMSIS_RTOS/cmsis_os.o
 .text.osKernelStart
                0x000000000800c1ec        0xe ./Middlewares/Third_Party/FreeRTOS/Source/CMSIS_RTOS/cmsis_os.o
                0x000000000800c1ec                osKernelStart
 .text.osThreadCreate
                0x000000000800c1fa       0x98 ./Middlewares/Third_Party/FreeRTOS/Source/CMSIS_RTOS/cmsis_os.o
                0x000000000800c1fa                osThreadCreate
 .text.osDelay  0x000000000800c292       0x28 ./Middlewares/Third_Party/FreeRTOS/Source/CMSIS_RTOS/cmsis_os.o
                0x000000000800c292                osDelay
 .text.osSemaphoreCreate
                0x000000000800c2ba       0x64 ./Middlewares/Third_Party/FreeRTOS/Source/CMSIS_RTOS/cmsis_os.o
                0x000000000800c2ba                osSemaphoreCreate
 *fill*         0x000000000800c31e        0x2 
 .text.osSemaphoreWait
                0x000000000800c320       0x9c ./Middlewares/Third_Party/FreeRTOS/Source/CMSIS_RTOS/cmsis_os.o
                0x000000000800c320                osSemaphoreWait
 .text.osSemaphoreRelease
                0x000000000800c3bc       0x6c ./Middlewares/Third_Party/FreeRTOS/Source/CMSIS_RTOS/cmsis_os.o
                0x000000000800c3bc                osSemaphoreRelease
 .text.vListInitialise
                0x000000000800c428       0x40 ./Middlewares/Third_Party/FreeRTOS/Source/list.o
                0x000000000800c428                vListInitialise
 .text.vListInitialiseItem
                0x000000000800c468       0x1a ./Middlewares/Third_Party/FreeRTOS/Source/list.o
                0x000000000800c468                vListInitialiseItem
 .text.vListInsertEnd
                0x000000000800c482       0x48 ./Middlewares/Third_Party/FreeRTOS/Source/list.o
                0x000000000800c482                vListInsertEnd
 .text.vListInsert
                0x000000000800c4ca       0x72 ./Middlewares/Third_Party/FreeRTOS/Source/list.o
                0x000000000800c4ca                vListInsert
 .text.uxListRemove
                0x000000000800c53c       0x54 ./Middlewares/Third_Party/FreeRTOS/Source/list.o
                0x000000000800c53c                uxListRemove
 .text.xQueueGenericReset
                0x000000000800c590       0xd0 ./Middlewares/Third_Party/FreeRTOS/Source/queue.o
                0x000000000800c590                xQueueGenericReset
 .text.xQueueGenericCreateStatic
                0x000000000800c660       0xf0 ./Middlewares/Third_Party/FreeRTOS/Source/queue.o
                0x000000000800c660                xQueueGenericCreateStatic
 .text.xQueueGenericCreate
                0x000000000800c750       0x74 ./Middlewares/Third_Party/FreeRTOS/Source/queue.o
                0x000000000800c750                xQueueGenericCreate
 .text.prvInitialiseNewQueue
                0x000000000800c7c4       0x3e ./Middlewares/Third_Party/FreeRTOS/Source/queue.o
 *fill*         0x000000000800c802        0x2 
 .text.xQueueGenericSend
                0x000000000800c804      0x1fc ./Middlewares/Third_Party/FreeRTOS/Source/queue.o
                0x000000000800c804                xQueueGenericSend
 .text.xQueueGiveFromISR
                0x000000000800ca00      0x11a ./Middlewares/Third_Party/FreeRTOS/Source/queue.o
                0x000000000800ca00                xQueueGiveFromISR
 *fill*         0x000000000800cb1a        0x2 
 .text.xQueueSemaphoreTake
                0x000000000800cb1c      0x218 ./Middlewares/Third_Party/FreeRTOS/Source/queue.o
                0x000000000800cb1c                xQueueSemaphoreTake
 .text.xQueueReceiveFromISR
                0x000000000800cd34      0x100 ./Middlewares/Third_Party/FreeRTOS/Source/queue.o
                0x000000000800cd34                xQueueReceiveFromISR
 .text.prvGetDisinheritPriorityAfterTimeout
                0x000000000800ce34       0x30 ./Middlewares/Third_Party/FreeRTOS/Source/queue.o
 .text.prvCopyDataToQueue
                0x000000000800ce64       0xd4 ./Middlewares/Third_Party/FreeRTOS/Source/queue.o
 .text.prvCopyDataFromQueue
                0x000000000800cf38       0x4c ./Middlewares/Third_Party/FreeRTOS/Source/queue.o
 .text.prvUnlockQueue
                0x000000000800cf84       0xa4 ./Middlewares/Third_Party/FreeRTOS/Source/queue.o
 .text.prvIsQueueEmpty
                0x000000000800d028       0x2c ./Middlewares/Third_Party/FreeRTOS/Source/queue.o
 .text.prvIsQueueFull
                0x000000000800d054       0x30 ./Middlewares/Third_Party/FreeRTOS/Source/queue.o
 .text.xTaskCreateStatic
                0x000000000800d084       0xba ./Middlewares/Third_Party/FreeRTOS/Source/tasks.o
                0x000000000800d084                xTaskCreateStatic
 .text.xTaskCreate
                0x000000000800d13e       0x8a ./Middlewares/Third_Party/FreeRTOS/Source/tasks.o
                0x000000000800d13e                xTaskCreate
 .text.prvInitialiseNewTask
                0x000000000800d1c8      0x13c ./Middlewares/Third_Party/FreeRTOS/Source/tasks.o
 .text.prvAddNewTaskToReadyList
                0x000000000800d304       0xd4 ./Middlewares/Third_Party/FreeRTOS/Source/tasks.o
 .text.vTaskDelay
                0x000000000800d3d8       0x68 ./Middlewares/Third_Party/FreeRTOS/Source/tasks.o
                0x000000000800d3d8                vTaskDelay
 .text.vTaskStartScheduler
                0x000000000800d440       0xd4 ./Middlewares/Third_Party/FreeRTOS/Source/tasks.o
                0x000000000800d440                vTaskStartScheduler
 .text.vTaskSuspendAll
                0x000000000800d514       0x1c ./Middlewares/Third_Party/FreeRTOS/Source/tasks.o
                0x000000000800d514                vTaskSuspendAll
 .text.xTaskResumeAll
                0x000000000800d530      0x138 ./Middlewares/Third_Party/FreeRTOS/Source/tasks.o
                0x000000000800d530                xTaskResumeAll
 .text.xTaskIncrementTick
                0x000000000800d668      0x170 ./Middlewares/Third_Party/FreeRTOS/Source/tasks.o
                0x000000000800d668                xTaskIncrementTick
 .text.vTaskSwitchContext
                0x000000000800d7d8       0xc4 ./Middlewares/Third_Party/FreeRTOS/Source/tasks.o
                0x000000000800d7d8                vTaskSwitchContext
 .text.vTaskPlaceOnEventList
                0x000000000800d89c       0x48 ./Middlewares/Third_Party/FreeRTOS/Source/tasks.o
                0x000000000800d89c                vTaskPlaceOnEventList
 .text.xTaskRemoveFromEventList
                0x000000000800d8e4       0xc4 ./Middlewares/Third_Party/FreeRTOS/Source/tasks.o
                0x000000000800d8e4                xTaskRemoveFromEventList
 .text.vTaskInternalSetTimeOutState
                0x000000000800d9a8       0x2c ./Middlewares/Third_Party/FreeRTOS/Source/tasks.o
                0x000000000800d9a8                vTaskInternalSetTimeOutState
 .text.xTaskCheckForTimeOut
                0x000000000800d9d4       0xc4 ./Middlewares/Third_Party/FreeRTOS/Source/tasks.o
                0x000000000800d9d4                xTaskCheckForTimeOut
 .text.vTaskMissedYield
                0x000000000800da98       0x18 ./Middlewares/Third_Party/FreeRTOS/Source/tasks.o
                0x000000000800da98                vTaskMissedYield
 .text.prvIdleTask
                0x000000000800dab0       0x30 ./Middlewares/Third_Party/FreeRTOS/Source/tasks.o
 .text.prvInitialiseTaskLists
                0x000000000800dae0       0x80 ./Middlewares/Third_Party/FreeRTOS/Source/tasks.o
 .text.prvCheckTasksWaitingTermination
                0x000000000800db60       0x5c ./Middlewares/Third_Party/FreeRTOS/Source/tasks.o
 .text.prvDeleteTCB
                0x000000000800dbbc       0x68 ./Middlewares/Third_Party/FreeRTOS/Source/tasks.o
 .text.prvResetNextTaskUnblockTime
                0x000000000800dc24       0x40 ./Middlewares/Third_Party/FreeRTOS/Source/tasks.o
 .text.xTaskGetSchedulerState
                0x000000000800dc64       0x3c ./Middlewares/Third_Party/FreeRTOS/Source/tasks.o
                0x000000000800dc64                xTaskGetSchedulerState
 .text.xTaskPriorityInherit
                0x000000000800dca0       0xec ./Middlewares/Third_Party/FreeRTOS/Source/tasks.o
                0x000000000800dca0                xTaskPriorityInherit
 .text.xTaskPriorityDisinherit
                0x000000000800dd8c      0x10c ./Middlewares/Third_Party/FreeRTOS/Source/tasks.o
                0x000000000800dd8c                xTaskPriorityDisinherit
 .text.vTaskPriorityDisinheritAfterTimeout
                0x000000000800de98      0x11c ./Middlewares/Third_Party/FreeRTOS/Source/tasks.o
                0x000000000800de98                vTaskPriorityDisinheritAfterTimeout
 .text.pvTaskIncrementMutexHeldCount
                0x000000000800dfb4       0x28 ./Middlewares/Third_Party/FreeRTOS/Source/tasks.o
                0x000000000800dfb4                pvTaskIncrementMutexHeldCount
 .text.prvAddCurrentTaskToDelayedList
                0x000000000800dfdc       0xcc ./Middlewares/Third_Party/FreeRTOS/Source/tasks.o
 .text.pxPortInitialiseStack
                0x000000000800e0a8       0x68 ./Middlewares/Third_Party/FreeRTOS/Source/portable/GCC/ARM_CM4F/port.o
                0x000000000800e0a8                pxPortInitialiseStack
 .text.prvTaskExitError
                0x000000000800e110       0x58 ./Middlewares/Third_Party/FreeRTOS/Source/portable/GCC/ARM_CM4F/port.o
 *fill*         0x000000000800e168        0x8 
 .text.SVC_Handler
                0x000000000800e170       0x28 ./Middlewares/Third_Party/FreeRTOS/Source/portable/GCC/ARM_CM4F/port.o
                0x000000000800e170                SVC_Handler
 .text.prvPortStartFirstTask
                0x000000000800e198       0x28 ./Middlewares/Third_Party/FreeRTOS/Source/portable/GCC/ARM_CM4F/port.o
 .text.xPortStartScheduler
                0x000000000800e1c0      0x144 ./Middlewares/Third_Party/FreeRTOS/Source/portable/GCC/ARM_CM4F/port.o
                0x000000000800e1c0                xPortStartScheduler
 .text.vPortEnterCritical
                0x000000000800e304       0x60 ./Middlewares/Third_Party/FreeRTOS/Source/portable/GCC/ARM_CM4F/port.o
                0x000000000800e304                vPortEnterCritical
 .text.vPortExitCritical
                0x000000000800e364       0x54 ./Middlewares/Third_Party/FreeRTOS/Source/portable/GCC/ARM_CM4F/port.o
                0x000000000800e364                vPortExitCritical
 *fill*         0x000000000800e3b8        0x8 
 .text.PendSV_Handler
                0x000000000800e3c0       0x68 ./Middlewares/Third_Party/FreeRTOS/Source/portable/GCC/ARM_CM4F/port.o
                0x000000000800e3c0                PendSV_Handler
 .text.SysTick_Handler
                0x000000000800e428       0x44 ./Middlewares/Third_Party/FreeRTOS/Source/portable/GCC/ARM_CM4F/port.o
                0x000000000800e428                SysTick_Handler
 .text.vPortSetupTimerInterrupt
                0x000000000800e46c       0x48 ./Middlewares/Third_Party/FreeRTOS/Source/portable/GCC/ARM_CM4F/port.o
                0x000000000800e46c                vPortSetupTimerInterrupt
 .text.vPortEnableVFP
                0x000000000800e4b4       0x14 ./Middlewares/Third_Party/FreeRTOS/Source/portable/GCC/ARM_CM4F/port.o
 .text.vPortValidateInterruptPriority
                0x000000000800e4c8       0x80 ./Middlewares/Third_Party/FreeRTOS/Source/portable/GCC/ARM_CM4F/port.o
                0x000000000800e4c8                vPortValidateInterruptPriority
 .text.pvPortMalloc
                0x000000000800e548      0x198 ./Middlewares/Third_Party/FreeRTOS/Source/portable/MemMang/heap_4.o
                0x000000000800e548                pvPortMalloc
 .text.vPortFree
                0x000000000800e6e0       0xc4 ./Middlewares/Third_Party/FreeRTOS/Source/portable/MemMang/heap_4.o
                0x000000000800e6e0                vPortFree
 .text.prvHeapInit
                0x000000000800e7a4       0xc4 ./Middlewares/Third_Party/FreeRTOS/Source/portable/MemMang/heap_4.o
 .text.prvInsertBlockIntoFreeList
                0x000000000800e868       0xb4 ./Middlewares/Third_Party/FreeRTOS/Source/portable/MemMang/heap_4.o
 .text.MX_USB_DEVICE_Init
                0x000000000800e91c       0x60 ./USB_DEVICE/App/usb_device.o
                0x000000000800e91c                MX_USB_DEVICE_Init
 .text.CDC_Init_HS
                0x000000000800e97c       0x28 ./USB_DEVICE/App/usbd_cdc_if.o
 .text.CDC_DeInit_HS
                0x000000000800e9a4       0x10 ./USB_DEVICE/App/usbd_cdc_if.o
 .text.CDC_Control_HS
                0x000000000800e9b4       0xbc ./USB_DEVICE/App/usbd_cdc_if.o
 .text.CDC_Receive_HS
                0x000000000800ea70       0x28 ./USB_DEVICE/App/usbd_cdc_if.o
 .text.CDC_TransmitCplt_HS
                0x000000000800ea98       0x22 ./USB_DEVICE/App/usbd_cdc_if.o
 *fill*         0x000000000800eaba        0x2 
 .text.USBD_HS_DeviceDescriptor
                0x000000000800eabc       0x24 ./USB_DEVICE/App/usbd_desc.o
                0x000000000800eabc                USBD_HS_DeviceDescriptor
 .text.USBD_HS_LangIDStrDescriptor
                0x000000000800eae0       0x24 ./USB_DEVICE/App/usbd_desc.o
                0x000000000800eae0                USBD_HS_LangIDStrDescriptor
 .text.USBD_HS_ProductStrDescriptor
                0x000000000800eb04       0x3c ./USB_DEVICE/App/usbd_desc.o
                0x000000000800eb04                USBD_HS_ProductStrDescriptor
 .text.USBD_HS_ManufacturerStrDescriptor
                0x000000000800eb40       0x28 ./USB_DEVICE/App/usbd_desc.o
                0x000000000800eb40                USBD_HS_ManufacturerStrDescriptor
 .text.USBD_HS_SerialStrDescriptor
                0x000000000800eb68       0x24 ./USB_DEVICE/App/usbd_desc.o
                0x000000000800eb68                USBD_HS_SerialStrDescriptor
 .text.USBD_HS_ConfigStrDescriptor
                0x000000000800eb8c       0x3c ./USB_DEVICE/App/usbd_desc.o
                0x000000000800eb8c                USBD_HS_ConfigStrDescriptor
 .text.USBD_HS_InterfaceStrDescriptor
                0x000000000800ebc8       0x3c ./USB_DEVICE/App/usbd_desc.o
                0x000000000800ebc8                USBD_HS_InterfaceStrDescriptor
 .text.Get_SerialNum
                0x000000000800ec04       0x58 ./USB_DEVICE/App/usbd_desc.o
 .text.IntToUnicode
                0x000000000800ec5c       0x7e ./USB_DEVICE/App/usbd_desc.o
 *fill*         0x000000000800ecda        0x2 
 .text.HAL_PCD_MspInit
                0x000000000800ecdc       0xa0 ./USB_DEVICE/Target/usbd_conf.o
                0x000000000800ecdc                HAL_PCD_MspInit
 .text.HAL_PCD_SetupStageCallback
                0x000000000800ed7c       0x24 ./USB_DEVICE/Target/usbd_conf.o
                0x000000000800ed7c                HAL_PCD_SetupStageCallback
 .text.HAL_PCD_DataOutStageCallback
                0x000000000800eda0       0x36 ./USB_DEVICE/Target/usbd_conf.o
                0x000000000800eda0                HAL_PCD_DataOutStageCallback
 .text.HAL_PCD_DataInStageCallback
                0x000000000800edd6       0x34 ./USB_DEVICE/Target/usbd_conf.o
                0x000000000800edd6                HAL_PCD_DataInStageCallback
 .text.HAL_PCD_SOFCallback
                0x000000000800ee0a       0x1c ./USB_DEVICE/Target/usbd_conf.o
                0x000000000800ee0a                HAL_PCD_SOFCallback
 .text.HAL_PCD_ResetCallback
                0x000000000800ee26       0x50 ./USB_DEVICE/Target/usbd_conf.o
                0x000000000800ee26                HAL_PCD_ResetCallback
 *fill*         0x000000000800ee76        0x2 
 .text.HAL_PCD_SuspendCallback
                0x000000000800ee78       0x4c ./USB_DEVICE/Target/usbd_conf.o
                0x000000000800ee78                HAL_PCD_SuspendCallback
 .text.HAL_PCD_ResumeCallback
                0x000000000800eec4       0x1c ./USB_DEVICE/Target/usbd_conf.o
                0x000000000800eec4                HAL_PCD_ResumeCallback
 .text.HAL_PCD_ISOOUTIncompleteCallback
                0x000000000800eee0       0x24 ./USB_DEVICE/Target/usbd_conf.o
                0x000000000800eee0                HAL_PCD_ISOOUTIncompleteCallback
 .text.HAL_PCD_ISOINIncompleteCallback
                0x000000000800ef04       0x24 ./USB_DEVICE/Target/usbd_conf.o
                0x000000000800ef04                HAL_PCD_ISOINIncompleteCallback
 .text.HAL_PCD_ConnectCallback
                0x000000000800ef28       0x1c ./USB_DEVICE/Target/usbd_conf.o
                0x000000000800ef28                HAL_PCD_ConnectCallback
 .text.HAL_PCD_DisconnectCallback
                0x000000000800ef44       0x1c ./USB_DEVICE/Target/usbd_conf.o
                0x000000000800ef44                HAL_PCD_DisconnectCallback
 .text.USBD_LL_Init
                0x000000000800ef60       0xa4 ./USB_DEVICE/Target/usbd_conf.o
                0x000000000800ef60                USBD_LL_Init
 .text.USBD_LL_Start
                0x000000000800f004       0x36 ./USB_DEVICE/Target/usbd_conf.o
                0x000000000800f004                USBD_LL_Start
 .text.USBD_LL_OpenEP
                0x000000000800f03a       0x4c ./USB_DEVICE/Target/usbd_conf.o
                0x000000000800f03a                USBD_LL_OpenEP
 .text.USBD_LL_CloseEP
                0x000000000800f086       0x3e ./USB_DEVICE/Target/usbd_conf.o
                0x000000000800f086                USBD_LL_CloseEP
 .text.USBD_LL_StallEP
                0x000000000800f0c4       0x3e ./USB_DEVICE/Target/usbd_conf.o
                0x000000000800f0c4                USBD_LL_StallEP
 .text.USBD_LL_ClearStallEP
                0x000000000800f102       0x3e ./USB_DEVICE/Target/usbd_conf.o
                0x000000000800f102                USBD_LL_ClearStallEP
 .text.USBD_LL_IsStallEP
                0x000000000800f140       0x58 ./USB_DEVICE/Target/usbd_conf.o
                0x000000000800f140                USBD_LL_IsStallEP
 .text.USBD_LL_SetUSBAddress
                0x000000000800f198       0x3e ./USB_DEVICE/Target/usbd_conf.o
                0x000000000800f198                USBD_LL_SetUSBAddress
 .text.USBD_LL_Transmit
                0x000000000800f1d6       0x42 ./USB_DEVICE/Target/usbd_conf.o
                0x000000000800f1d6                USBD_LL_Transmit
 .text.USBD_LL_PrepareReceive
                0x000000000800f218       0x42 ./USB_DEVICE/Target/usbd_conf.o
                0x000000000800f218                USBD_LL_PrepareReceive
 .text.USBD_LL_GetRxDataSize
                0x000000000800f25a       0x26 ./USB_DEVICE/Target/usbd_conf.o
                0x000000000800f25a                USBD_LL_GetRxDataSize
 .text.USBD_static_malloc
                0x000000000800f280       0x1c ./USB_DEVICE/Target/usbd_conf.o
                0x000000000800f280                USBD_static_malloc
 .text.USBD_static_free
                0x000000000800f29c       0x14 ./USB_DEVICE/Target/usbd_conf.o
                0x000000000800f29c                USBD_static_free
 .text.USBD_Get_USB_Status
                0x000000000800f2b0       0x58 ./USB_DEVICE/Target/usbd_conf.o
                0x000000000800f2b0                USBD_Get_USB_Status
 .text.__errno  0x000000000800f308        0xc c:/st/stm32cubeide_1.12.1/stm32cubeide/plugins/com.st.stm32cube.ide.mcu.externaltools.gnu-tools-for-stm32.10.3-2021.10.win32_1.0.200.202301161003/tools/bin/../lib/gcc/arm-none-eabi/10.3.1/../../../../arm-none-eabi/lib/thumb/v7e-m+fp/hard\libc_nano.a(lib_a-errno.o)
                0x000000000800f308                __errno
 .text.__libc_init_array
                0x000000000800f314       0x48 c:/st/stm32cubeide_1.12.1/stm32cubeide/plugins/com.st.stm32cube.ide.mcu.externaltools.gnu-tools-for-stm32.10.3-2021.10.win32_1.0.200.202301161003/tools/bin/../lib/gcc/arm-none-eabi/10.3.1/../../../../arm-none-eabi/lib/thumb/v7e-m+fp/hard\libc_nano.a(lib_a-init.o)
                0x000000000800f314                __libc_init_array
 .text.__retarget_lock_acquire_recursive
                0x000000000800f35c        0x2 c:/st/stm32cubeide_1.12.1/stm32cubeide/plugins/com.st.stm32cube.ide.mcu.externaltools.gnu-tools-for-stm32.10.3-2021.10.win32_1.0.200.202301161003/tools/bin/../lib/gcc/arm-none-eabi/10.3.1/../../../../arm-none-eabi/lib/thumb/v7e-m+fp/hard\libc_nano.a(lib_a-lock.o)
                0x000000000800f35c                __retarget_lock_acquire_recursive
 .text.__retarget_lock_release_recursive
                0x000000000800f35e        0x2 c:/st/stm32cubeide_1.12.1/stm32cubeide/plugins/com.st.stm32cube.ide.mcu.externaltools.gnu-tools-for-stm32.10.3-2021.10.win32_1.0.200.202301161003/tools/bin/../lib/gcc/arm-none-eabi/10.3.1/../../../../arm-none-eabi/lib/thumb/v7e-m+fp/hard\libc_nano.a(lib_a-lock.o)
                0x000000000800f35e                __retarget_lock_release_recursive
 .text.memcpy   0x000000000800f360       0x1c c:/st/stm32cubeide_1.12.1/stm32cubeide/plugins/com.st.stm32cube.ide.mcu.externaltools.gnu-tools-for-stm32.10.3-2021.10.win32_1.0.200.202301161003/tools/bin/../lib/gcc/arm-none-eabi/10.3.1/../../../../arm-none-eabi/lib/thumb/v7e-m+fp/hard\libc_nano.a(lib_a-memcpy-stub.o)
                0x000000000800f360                memcpy
 .text.memset   0x000000000800f37c       0x10 c:/st/stm32cubeide_1.12.1/stm32cubeide/plugins/com.st.stm32cube.ide.mcu.externaltools.gnu-tools-for-stm32.10.3-2021.10.win32_1.0.200.202301161003/tools/bin/../lib/gcc/arm-none-eabi/10.3.1/../../../../arm-none-eabi/lib/thumb/v7e-m+fp/hard\libc_nano.a(lib_a-memset.o)
                0x000000000800f37c                memset
 .text.sbrk_aligned
                0x000000000800f38c       0x40 c:/st/stm32cubeide_1.12.1/stm32cubeide/plugins/com.st.stm32cube.ide.mcu.externaltools.gnu-tools-for-stm32.10.3-2021.10.win32_1.0.200.202301161003/tools/bin/../lib/gcc/arm-none-eabi/10.3.1/../../../../arm-none-eabi/lib/thumb/v7e-m+fp/hard\libc_nano.a(lib_a-nano-mallocr.o)
 .text._malloc_r
                0x000000000800f3cc       0xe8 c:/st/stm32cubeide_1.12.1/stm32cubeide/plugins/com.st.stm32cube.ide.mcu.externaltools.gnu-tools-for-stm32.10.3-2021.10.win32_1.0.200.202301161003/tools/bin/../lib/gcc/arm-none-eabi/10.3.1/../../../../arm-none-eabi/lib/thumb/v7e-m+fp/hard\libc_nano.a(lib_a-nano-mallocr.o)
                0x000000000800f3cc                _malloc_r
 .text.cleanup_glue
                0x000000000800f4b4       0x1a c:/st/stm32cubeide_1.12.1/stm32cubeide/plugins/com.st.stm32cube.ide.mcu.externaltools.gnu-tools-for-stm32.10.3-2021.10.win32_1.0.200.202301161003/tools/bin/../lib/gcc/arm-none-eabi/10.3.1/../../../../arm-none-eabi/lib/thumb/v7e-m+fp/hard\libc_nano.a(lib_a-reent.o)
                0x000000000800f4b4                cleanup_glue
 *fill*         0x000000000800f4ce        0x2 
 .text._reclaim_reent
                0x000000000800f4d0       0xb8 c:/st/stm32cubeide_1.12.1/stm32cubeide/plugins/com.st.stm32cube.ide.mcu.externaltools.gnu-tools-for-stm32.10.3-2021.10.win32_1.0.200.202301161003/tools/bin/../lib/gcc/arm-none-eabi/10.3.1/../../../../arm-none-eabi/lib/thumb/v7e-m+fp/hard\libc_nano.a(lib_a-reent.o)
                0x000000000800f4d0                _reclaim_reent
 .text._sbrk_r  0x000000000800f588       0x20 c:/st/stm32cubeide_1.12.1/stm32cubeide/plugins/com.st.stm32cube.ide.mcu.externaltools.gnu-tools-for-stm32.10.3-2021.10.win32_1.0.200.202301161003/tools/bin/../lib/gcc/arm-none-eabi/10.3.1/../../../../arm-none-eabi/lib/thumb/v7e-m+fp/hard\libc_nano.a(lib_a-sbrkr.o)
                0x000000000800f588                _sbrk_r
 .text.sprintf  0x000000000800f5a8       0x40 c:/st/stm32cubeide_1.12.1/stm32cubeide/plugins/com.st.stm32cube.ide.mcu.externaltools.gnu-tools-for-stm32.10.3-2021.10.win32_1.0.200.202301161003/tools/bin/../lib/gcc/arm-none-eabi/10.3.1/../../../../arm-none-eabi/lib/thumb/v7e-m+fp/hard\libc_nano.a(lib_a-sprintf.o)
                0x000000000800f5a8                siprintf
                0x000000000800f5a8                sprintf
 .text.__malloc_lock
                0x000000000800f5e8        0xc c:/st/stm32cubeide_1.12.1/stm32cubeide/plugins/com.st.stm32cube.ide.mcu.externaltools.gnu-tools-for-stm32.10.3-2021.10.win32_1.0.200.202301161003/tools/bin/../lib/gcc/arm-none-eabi/10.3.1/../../../../arm-none-eabi/lib/thumb/v7e-m+fp/hard\libc_nano.a(lib_a-mlock.o)
                0x000000000800f5e8                __malloc_lock
 .text.__malloc_unlock
                0x000000000800f5f4        0xc c:/st/stm32cubeide_1.12.1/stm32cubeide/plugins/com.st.stm32cube.ide.mcu.externaltools.gnu-tools-for-stm32.10.3-2021.10.win32_1.0.200.202301161003/tools/bin/../lib/gcc/arm-none-eabi/10.3.1/../../../../arm-none-eabi/lib/thumb/v7e-m+fp/hard\libc_nano.a(lib_a-mlock.o)
                0x000000000800f5f4                __malloc_unlock
 .text._free_r  0x000000000800f600       0x98 c:/st/stm32cubeide_1.12.1/stm32cubeide/plugins/com.st.stm32cube.ide.mcu.externaltools.gnu-tools-for-stm32.10.3-2021.10.win32_1.0.200.202301161003/tools/bin/../lib/gcc/arm-none-eabi/10.3.1/../../../../arm-none-eabi/lib/thumb/v7e-m+fp/hard\libc_nano.a(lib_a-nano-freer.o)
                0x000000000800f600                _free_r
 .text.__ssputs_r
                0x000000000800f698       0xb6 c:/st/stm32cubeide_1.12.1/stm32cubeide/plugins/com.st.stm32cube.ide.mcu.externaltools.gnu-tools-for-stm32.10.3-2021.10.win32_1.0.200.202301161003/tools/bin/../lib/gcc/arm-none-eabi/10.3.1/../../../../arm-none-eabi/lib/thumb/v7e-m+fp/hard\libc_nano.a(lib_a-nano-svfprintf.o)
                0x000000000800f698                __ssputs_r
 *fill*         0x000000000800f74e        0x2 
 .text._svfprintf_r
                0x000000000800f750      0x200 c:/st/stm32cubeide_1.12.1/stm32cubeide/plugins/com.st.stm32cube.ide.mcu.externaltools.gnu-tools-for-stm32.10.3-2021.10.win32_1.0.200.202301161003/tools/bin/../lib/gcc/arm-none-eabi/10.3.1/../../../../arm-none-eabi/lib/thumb/v7e-m+fp/hard\libc_nano.a(lib_a-nano-svfprintf.o)
                0x000000000800f750                _svfiprintf_r
                0x000000000800f750                _svfprintf_r
 .text._printf_common
                0x000000000800f950       0xda c:/st/stm32cubeide_1.12.1/stm32cubeide/plugins/com.st.stm32cube.ide.mcu.externaltools.gnu-tools-for-stm32.10.3-2021.10.win32_1.0.200.202301161003/tools/bin/../lib/gcc/arm-none-eabi/10.3.1/../../../../arm-none-eabi/lib/thumb/v7e-m+fp/hard\libc_nano.a(lib_a-nano-vfprintf_i.o)
                0x000000000800f950                _printf_common
 *fill*         0x000000000800fa2a        0x2 
 .text._printf_i
                0x000000000800fa2c      0x24c c:/st/stm32cubeide_1.12.1/stm32cubeide/plugins/com.st.stm32cube.ide.mcu.externaltools.gnu-tools-for-stm32.10.3-2021.10.win32_1.0.200.202301161003/tools/bin/../lib/gcc/arm-none-eabi/10.3.1/../../../../arm-none-eabi/lib/thumb/v7e-m+fp/hard\libc_nano.a(lib_a-nano-vfprintf_i.o)
                0x000000000800fa2c                _printf_i
 .text.memmove  0x000000000800fc78       0x34 c:/st/stm32cubeide_1.12.1/stm32cubeide/plugins/com.st.stm32cube.ide.mcu.externaltools.gnu-tools-for-stm32.10.3-2021.10.win32_1.0.200.202301161003/tools/bin/../lib/gcc/arm-none-eabi/10.3.1/../../../../arm-none-eabi/lib/thumb/v7e-m+fp/hard\libc_nano.a(lib_a-memmove.o)
                0x000000000800fc78                memmove
 .text._realloc_r
                0x000000000800fcac       0x5e c:/st/stm32cubeide_1.12.1/stm32cubeide/plugins/com.st.stm32cube.ide.mcu.externaltools.gnu-tools-for-stm32.10.3-2021.10.win32_1.0.200.202301161003/tools/bin/../lib/gcc/arm-none-eabi/10.3.1/../../../../arm-none-eabi/lib/thumb/v7e-m+fp/hard\libc_nano.a(lib_a-nano-reallocr.o)
                0x000000000800fcac                _realloc_r
 .text._malloc_usable_size_r
                0x000000000800fd0a       0x10 c:/st/stm32cubeide_1.12.1/stm32cubeide/plugins/com.st.stm32cube.ide.mcu.externaltools.gnu-tools-for-stm32.10.3-2021.10.win32_1.0.200.202301161003/tools/bin/../lib/gcc/arm-none-eabi/10.3.1/../../../../arm-none-eabi/lib/thumb/v7e-m+fp/hard\libc_nano.a(lib_a-nano-msizer.o)
                0x000000000800fd0a                _malloc_usable_size_r
 *(.glue_7)
 .glue_7        0x000000000800fd1a        0x0 linker stubs
 *(.glue_7t)
 .glue_7t       0x000000000800fd1a        0x0 linker stubs
 *(.eh_frame)
 *fill*         0x000000000800fd1a        0x2 
 .eh_frame      0x000000000800fd1c        0x0 c:/st/stm32cubeide_1.12.1/stm32cubeide/plugins/com.st.stm32cube.ide.mcu.externaltools.gnu-tools-for-stm32.10.3-2021.10.win32_1.0.200.202301161003/tools/bin/../lib/gcc/arm-none-eabi/10.3.1/thumb/v7e-m+fp/hard/crtbegin.o
 *(.init)
 .init          0x000000000800fd1c        0x4 c:/st/stm32cubeide_1.12.1/stm32cubeide/plugins/com.st.stm32cube.ide.mcu.externaltools.gnu-tools-for-stm32.10.3-2021.10.win32_1.0.200.202301161003/tools/bin/../lib/gcc/arm-none-eabi/10.3.1/thumb/v7e-m+fp/hard/crti.o
                0x000000000800fd1c                _init
 .init          0x000000000800fd20        0x8 c:/st/stm32cubeide_1.12.1/stm32cubeide/plugins/com.st.stm32cube.ide.mcu.externaltools.gnu-tools-for-stm32.10.3-2021.10.win32_1.0.200.202301161003/tools/bin/../lib/gcc/arm-none-eabi/10.3.1/thumb/v7e-m+fp/hard/crtn.o
 *(.fini)
 .fini          0x000000000800fd28        0x4 c:/st/stm32cubeide_1.12.1/stm32cubeide/plugins/com.st.stm32cube.ide.mcu.externaltools.gnu-tools-for-stm32.10.3-2021.10.win32_1.0.200.202301161003/tools/bin/../lib/gcc/arm-none-eabi/10.3.1/thumb/v7e-m+fp/hard/crti.o
                0x000000000800fd28                _fini
 .fini          0x000000000800fd2c        0x8 c:/st/stm32cubeide_1.12.1/stm32cubeide/plugins/com.st.stm32cube.ide.mcu.externaltools.gnu-tools-for-stm32.10.3-2021.10.win32_1.0.200.202301161003/tools/bin/../lib/gcc/arm-none-eabi/10.3.1/thumb/v7e-m+fp/hard/crtn.o
                0x000000000800fd34                . = ALIGN (0x4)
                0x000000000800fd34                _etext = .

.vfp11_veneer   0x000000000800fd34        0x0
 .vfp11_veneer  0x000000000800fd34        0x0 linker stubs

.v4_bx          0x000000000800fd34        0x0
 .v4_bx         0x000000000800fd34        0x0 linker stubs

.iplt           0x000000000800fd34        0x0
 .iplt          0x000000000800fd34        0x0 c:/st/stm32cubeide_1.12.1/stm32cubeide/plugins/com.st.stm32cube.ide.mcu.externaltools.gnu-tools-for-stm32.10.3-2021.10.win32_1.0.200.202301161003/tools/bin/../lib/gcc/arm-none-eabi/10.3.1/thumb/v7e-m+fp/hard/crtbegin.o

.rodata         0x000000000800fd34      0x2b4
                0x000000000800fd34                . = ALIGN (0x4)
 *(.rodata)
 .rodata        0x000000000800fd34       0x12 ./Core/Src/adc.o
 *fill*         0x000000000800fd46        0x2 
 .rodata        0x000000000800fd48       0x54 ./Core/Src/can.o
 .rodata        0x000000000800fd9c       0xcc ./Core/Src/freertos.o
 .rodata        0x000000000800fe68       0x36 ./Core/Src/l3gd20.o
 *fill*         0x000000000800fe9e        0x2 
 .rodata        0x000000000800fea0       0x1a ./Core/Src/main.o
 *fill*         0x000000000800feba        0x2 
 .rodata        0x000000000800febc       0x15 ./Core/Src/stmpe811.o
 *fill*         0x000000000800fed1        0x3 
 .rodata        0x000000000800fed4       0x15 ./Core/Src/timer_pwm.o
 *fill*         0x000000000800fee9        0x3 
 .rodata        0x000000000800feec        0x5 ./Middlewares/Third_Party/FreeRTOS/Source/tasks.o
 *fill*         0x000000000800fef1        0x3 
 .rodata        0x000000000800fef4       0x46 ./USB_DEVICE/App/usbd_desc.o
 *(.rodata*)
 *fill*         0x000000000800ff3a        0x2 
 .rodata.AHBPrescTable
                0x000000000800ff3c       0x10 ./Core/Src/system_stm32f4xx.o
                0x000000000800ff3c                AHBPrescTable
 .rodata.APBPrescTable
                0x000000000800ff4c        0x8 ./Core/Src/system_stm32f4xx.o